             VMA              LMA     Size Align Out     In      Symbol
               0                0    80000     1 . = ORIGIN(RAM)
           80000            80000     a9dc  4096 .text
           80000            80000        0     1         __text_start = .
           80000            80000       98     8         C:\Desenvolvimento\rust_minix\target\aarch64-unknown-none\release\deps\rust_minix-929e3d914c9cbd4c.rust_minix.ec9d816fc1ca2df8-cgu.0.rcgu.o:(.text.boot)
           80000            80000        0     1                 $x
           80000            80000        0     1                 _start
           8000c            8000c        0     1                 secondary_wait
           80020            80020        0     1                 secondary_check
           80044            80044        0     1                 secondary_sleep
           8004c            8004c        0     1                 primary_core_init
           80068            80068        0     1                 halt
           80070            80070        0     1                 secondary_core_entry
           80074            80074        0     1                 secondary_halt
           80080            80080        0     1                 $d
           80800            80800      dac  2048         C:\Desenvolvimento\rust_minix\target\aarch64-unknown-none\release\deps\rust_minix-929e3d914c9cbd4c.rust_minix.ec9d816fc1ca2df8-cgu.0.rcgu.o:(.text)
           80800            80800        0     1                 curr_el_sp0_sync
           80800            80800        0     1                 $x
           80800            80800        0     1                 exception_vector_table
           80880            80880        0     1                 curr_el_sp0_irq
           80900            80900        0     1                 curr_el_sp0_fiq
           80980            80980        0     1                 curr_el_sp0_serror
           80a00            80a00        0     1                 curr_el_spx_sync
           80a80            80a80        0     1                 curr_el_spx_irq
           80b00            80b00        0     1                 curr_el_spx_fiq
           80b80            80b80        0     1                 curr_el_spx_serror
           80c00            80c00        0     1                 lower_el_aarch64_sync
           80c80            80c80        0     1                 lower_el_aarch64_irq
           80d00            80d00        0     1                 lower_el_aarch64_fiq
           80d80            80d80        0     1                 lower_el_aarch64_serror
           80e00            80e00        0     1                 lower_el_aarch32_sync
           80e80            80e80        0     1                 lower_el_aarch32_irq
           80f00            80f00        0     1                 lower_el_aarch32_fiq
           80f80            80f80        0     1                 lower_el_aarch32_serror
           80f84            80f84        0     1                 sync_exception_handler
           81048            81048        0     1                 irq_exception_handler
           8110c            8110c        0     1                 fiq_exception_handler
           811d0            811d0        0     1                 serror_exception_handler
           81294            81294        0     1                 sync_exception_handler_el0
           81358            81358        0     1                 irq_exception_handler_el0
           8141c            8141c        0     1                 fiq_exception_handler_el0
           814e0            814e0        0     1                 serror_exception_handler_el0
           815a4            815a4        0     1                 default_exception_handler
           815ac            815ac       14     4         C:\Desenvolvimento\rust_minix\target\aarch64-unknown-none\release\deps\rust_minix-929e3d914c9cbd4c.rust_minix.ec9d816fc1ca2df8-cgu.0.rcgu.o:(.text._RNvXs1b_NtCsi20m3nfMUhs_4core3fmtReNtB6_7Display3fmtCskjuQdWXfBxI_10rust_minix)
           815ac            815ac       14     1                 <&str as core::fmt::Display>::fmt
           815ac            815ac        0     1                 $x
           815c0            815c0       e4     4         C:\Desenvolvimento\rust_minix\target\aarch64-unknown-none\release\deps\rust_minix-929e3d914c9cbd4c.rust_minix.ec9d816fc1ca2df8-cgu.0.rcgu.o:(.text._RNvYNtNtNtCskjuQdWXfBxI_10rust_minix7drivers4uart4UartNtNtCsi20m3nfMUhs_4core3fmt5Write10write_charB8_)
           815c0            815c0       e4     1                 <rust_minix::drivers::uart::Uart as core::fmt::Write>::write_char
           815c0            815c0        0     1                 $x
           816a4            816a4       10     4         C:\Desenvolvimento\rust_minix\target\aarch64-unknown-none\release\deps\rust_minix-929e3d914c9cbd4c.rust_minix.ec9d816fc1ca2df8-cgu.0.rcgu.o:(.text._RNvYNtNtNtCskjuQdWXfBxI_10rust_minix7drivers4uart4UartNtNtCsi20m3nfMUhs_4core3fmt5Write9write_fmtB8_)
           816a4            816a4       10     1                 <rust_minix::drivers::uart::Uart as core::fmt::Write>::write_fmt
           816a4            816a4        0     1                 $x
           816b4            816b4       38     4         C:\Desenvolvimento\rust_minix\target\aarch64-unknown-none\release\deps\rust_minix-929e3d914c9cbd4c.rust_minix.ec9d816fc1ca2df8-cgu.0.rcgu.o:(.text._ZN76_$LT$core..panic..panic_info..PanicMessage$u20$as$u20$core..fmt..Display$GT$3fmt17hc8f4180ca6b2d42bE)
           816b4            816b4       38     1                 _$LT$core..panic..panic_info..PanicMessage$u20$as$u20$core..fmt..Display$GT$::fmt::hc8f4180ca6b2d42b
           816b4            816b4        0     1                 $x
           816ec            816ec      80c     4         C:\Desenvolvimento\rust_minix\target\aarch64-unknown-none\release\deps\rust_minix-929e3d914c9cbd4c.rust_minix.ec9d816fc1ca2df8-cgu.0.rcgu.o:(.text.sync_exception_el1)
           816ec            816ec        0     1                 $x
           816ec            816ec      80c     1                 sync_exception_el1
           81ef8            81ef8      110     4         C:\Desenvolvimento\rust_minix\target\aarch64-unknown-none\release\deps\rust_minix-929e3d914c9cbd4c.rust_minix.ec9d816fc1ca2df8-cgu.0.rcgu.o:(.text.irq_exception_el1)
           81ef8            81ef8        0     1                 $x
           81ef8            81ef8      110     1                 irq_exception_el1
           82008            82008      2f4     4         C:\Desenvolvimento\rust_minix\target\aarch64-unknown-none\release\deps\rust_minix-929e3d914c9cbd4c.rust_minix.ec9d816fc1ca2df8-cgu.0.rcgu.o:(.text.fiq_exception_el1)
           82008            82008        0     1                 $x
           82008            82008      2f4     1                 fiq_exception_el1
           822fc            822fc      308     4         C:\Desenvolvimento\rust_minix\target\aarch64-unknown-none\release\deps\rust_minix-929e3d914c9cbd4c.rust_minix.ec9d816fc1ca2df8-cgu.0.rcgu.o:(.text.serror_exception_el1)
           822fc            822fc        0     1                 $x
           822fc            822fc      308     1                 serror_exception_el1
           82604            82604      5f0     4         C:\Desenvolvimento\rust_minix\target\aarch64-unknown-none\release\deps\rust_minix-929e3d914c9cbd4c.rust_minix.ec9d816fc1ca2df8-cgu.0.rcgu.o:(.text.sync_exception_el0)
           82604            82604        0     1                 $x
           82604            82604      5f0     1                 sync_exception_el0
           82bf4            82bf4      110     4         C:\Desenvolvimento\rust_minix\target\aarch64-unknown-none\release\deps\rust_minix-929e3d914c9cbd4c.rust_minix.ec9d816fc1ca2df8-cgu.0.rcgu.o:(.text.irq_exception_el0)
           82bf4            82bf4        0     1                 $x
           82bf4            82bf4      110     1                 irq_exception_el0
           82d04            82d04      1f0     4         C:\Desenvolvimento\rust_minix\target\aarch64-unknown-none\release\deps\rust_minix-929e3d914c9cbd4c.rust_minix.ec9d816fc1ca2df8-cgu.0.rcgu.o:(.text.fiq_exception_el0)
           82d04            82d04        0     1                 $x
           82d04            82d04      1f0     1                 fiq_exception_el0
           82ef4            82ef4      11c     4         C:\Desenvolvimento\rust_minix\target\aarch64-unknown-none\release\deps\rust_minix-929e3d914c9cbd4c.rust_minix.ec9d816fc1ca2df8-cgu.0.rcgu.o:(.text.serror_exception_el0)
           82ef4            82ef4        0     1                 $x
           82ef4            82ef4      11c     1                 serror_exception_el0
           83010            83010       3c     4         C:\Desenvolvimento\rust_minix\target\aarch64-unknown-none\release\deps\rust_minix-929e3d914c9cbd4c.rust_minix.ec9d816fc1ca2df8-cgu.0.rcgu.o:(.text.secondary_core_entry_rust)
           83010            83010        0     1                 $x
           83010            83010       3c     1                 secondary_core_entry_rust
           8304c            8304c      27c     4         C:\Desenvolvimento\rust_minix\target\aarch64-unknown-none\release\deps\rust_minix-929e3d914c9cbd4c.rust_minix.ec9d816fc1ca2df8-cgu.0.rcgu.o:(.text._RNvNtNtCskjuQdWXfBxI_10rust_minix4arch9multicore19secondary_core_init)
           8304c            8304c      27c     1                 rust_minix::arch::multicore::secondary_core_init
           8304c            8304c        0     1                 $x
           832c8            832c8      5fc     4         C:\Desenvolvimento\rust_minix\target\aarch64-unknown-none\release\deps\rust_minix-929e3d914c9cbd4c.rust_minix.ec9d816fc1ca2df8-cgu.0.rcgu.o:(.text._RNvNtNtCskjuQdWXfBxI_10rust_minix4arch9multicore19secondary_core_main)
           832c8            832c8      5fc     1                 rust_minix::arch::multicore::secondary_core_main
           832c8            832c8        0     1                 $x
           838c4            838c4      13c     4         C:\Desenvolvimento\rust_minix\target\aarch64-unknown-none\release\deps\rust_minix-929e3d914c9cbd4c.rust_minix.ec9d816fc1ca2df8-cgu.0.rcgu.o:(.text._RNvNtNtCskjuQdWXfBxI_10rust_minix4arch9multicore25send_command_to_all_cores)
           838c4            838c4      13c     1                 rust_minix::arch::multicore::send_command_to_all_cores
           838c4            838c4        0     1                 $x
           83a00            83a00      818     4         C:\Desenvolvimento\rust_minix\target\aarch64-unknown-none\release\deps\rust_minix-929e3d914c9cbd4c.rust_minix.ec9d816fc1ca2df8-cgu.0.rcgu.o:(.text._RNvNtNtCskjuQdWXfBxI_10rust_minix4arch9multicore18print_cores_status)
           83a00            83a00      818     1                 rust_minix::arch::multicore::print_cores_status
           83a00            83a00        0     1                 $x
           84218            84218      124     4         C:\Desenvolvimento\rust_minix\target\aarch64-unknown-none\release\deps\rust_minix-929e3d914c9cbd4c.rust_minix.ec9d816fc1ca2df8-cgu.0.rcgu.o:(.text._RNvNtNtCskjuQdWXfBxI_10rust_minix4arch9multicore9core_stop)
           84218            84218      124     1                 rust_minix::arch::multicore::core_stop
           84218            84218        0     1                 $x
           8433c            8433c       34     4         C:\Desenvolvimento\rust_minix\target\aarch64-unknown-none\release\deps\rust_minix-929e3d914c9cbd4c.rust_minix.ec9d816fc1ca2df8-cgu.0.rcgu.o:(.text._RNvXs_NtNtCskjuQdWXfBxI_10rust_minix7drivers4uartNtB4_4UartNtNtCsi20m3nfMUhs_4core3fmt5Write9write_str)
           8433c            8433c       34     1                 <rust_minix::drivers::uart::Uart as core::fmt::Write>::write_str
           8433c            8433c        0     1                 $x
           84370            84370      39c     4         C:\Desenvolvimento\rust_minix\target\aarch64-unknown-none\release\deps\rust_minix-929e3d914c9cbd4c.rust_minix.ec9d816fc1ca2df8-cgu.0.rcgu.o:(.text._RNvNtNtCskjuQdWXfBxI_10rust_minix7drivers3gic10handle_irq)
           84370            84370      39c     1                 rust_minix::drivers::gic::handle_irq
           84370            84370        0     1                 $x
           8470c            8470c      164     4         C:\Desenvolvimento\rust_minix\target\aarch64-unknown-none\release\deps\rust_minix-929e3d914c9cbd4c.rust_minix.ec9d816fc1ca2df8-cgu.0.rcgu.o:(.text._RNvNtNtCskjuQdWXfBxI_10rust_minix7drivers5timer23timer_interrupt_handler)
           8470c            8470c      164     1                 rust_minix::drivers::timer::timer_interrupt_handler
           8470c            8470c        0     1                 $x
           84870            84870      148     4         C:\Desenvolvimento\rust_minix\target\aarch64-unknown-none\release\deps\rust_minix-929e3d914c9cbd4c.rust_minix.ec9d816fc1ca2df8-cgu.0.rcgu.o:(.text._RNvMNtNtCskjuQdWXfBxI_10rust_minix7drivers7displayNtB2_7Display10write_line)
           84870            84870      148     1                 <rust_minix::drivers::display::Display>::write_line
           84870            84870        0     1                 $x
           849b8            849b8      358     4         C:\Desenvolvimento\rust_minix\target\aarch64-unknown-none\release\deps\rust_minix-929e3d914c9cbd4c.rust_minix.ec9d816fc1ca2df8-cgu.0.rcgu.o:(.text._RNvNtNtCskjuQdWXfBxI_10rust_minix7drivers7display18draw_kernel_status)
           849b8            849b8      358     1                 rust_minix::drivers::display::draw_kernel_status
           849b8            849b8        0     1                 $x
           84d10            84d10       14     4         C:\Desenvolvimento\rust_minix\target\aarch64-unknown-none\release\deps\rust_minix-929e3d914c9cbd4c.rust_minix.ec9d816fc1ca2df8-cgu.0.rcgu.o:(.text.memzero)
           84d10            84d10        0     1                 $x
           84d10            84d10       14     1                 memzero
           84d24            84d24      400     4         C:\Desenvolvimento\rust_minix\target\aarch64-unknown-none\release\deps\rust_minix-929e3d914c9cbd4c.rust_minix.ec9d816fc1ca2df8-cgu.0.rcgu.o:(.text._RNvCs34t7nRkoM5X_7___rustc17rust_begin_unwind)
           84d24            84d24      400     1                 __rustc::rust_begin_unwind
           84d24            84d24        0     1                 $x
           85124            85124     4840     4         C:\Desenvolvimento\rust_minix\target\aarch64-unknown-none\release\deps\rust_minix-929e3d914c9cbd4c.rust_minix.ec9d816fc1ca2df8-cgu.0.rcgu.o:(.text.rust_main)
           85124            85124        0     1                 $x
           85124            85124     4840     1                 rust_main
           89964            89964       50     4         C:\Desenvolvimento\rust_minix\target\aarch64-unknown-none\release\deps\rust_minix-929e3d914c9cbd4c.rust_minix.ec9d816fc1ca2df8-cgu.0.rcgu.o:(.text.unlikely._ZN4core9panicking18panic_bounds_check17h01262cbc12178b82E)
           89964            89964       50     1                 core::panicking::panic_bounds_check::h01262cbc12178b82
           89964            89964        0     1                 $x
           899b4            899b4       20     4         C:\Desenvolvimento\rust_minix\target\aarch64-unknown-none\release\deps\rust_minix-929e3d914c9cbd4c.rust_minix.ec9d816fc1ca2df8-cgu.0.rcgu.o:(.text.unlikely._ZN4core9panicking9panic_fmt17hfb08fd371296fb65E)
           899b4            899b4       20     1                 core::panicking::panic_fmt::hfb08fd371296fb65
           899b4            899b4        0     1                 $x
           899d4            899d4      27c     4         C:\Desenvolvimento\rust_minix\target\aarch64-unknown-none\release\deps\rust_minix-929e3d914c9cbd4c.rust_minix.ec9d816fc1ca2df8-cgu.0.rcgu.o:(.text._ZN4core3fmt9Formatter12pad_integral17h111898c3a20c49a6E)
           899d4            899d4      27c     1                 core::fmt::Formatter::pad_integral::h111898c3a20c49a6
           899d4            899d4        0     1                 $x
           89c50            89c50       7c     4         C:\Desenvolvimento\rust_minix\target\aarch64-unknown-none\release\deps\rust_minix-929e3d914c9cbd4c.rust_minix.ec9d816fc1ca2df8-cgu.0.rcgu.o:(.text._ZN4core3fmt9Formatter12pad_integral12write_prefix17h31bb760c8c1005d7E)
           89c50            89c50       7c     1                 core::fmt::Formatter::pad_integral::write_prefix::h31bb760c8c1005d7
           89c50            89c50        0     1                 $x
           89ccc            89ccc      350     4         C:\Desenvolvimento\rust_minix\target\aarch64-unknown-none\release\deps\rust_minix-929e3d914c9cbd4c.rust_minix.ec9d816fc1ca2df8-cgu.0.rcgu.o:(.text._ZN4core3fmt9Formatter3pad17h69db5be75d883c17E)
           89ccc            89ccc      350     1                 core::fmt::Formatter::pad::h69db5be75d883c17
           89ccc            89ccc        0     1                 $x
           8a01c            8a01c      1c8     4         C:\Desenvolvimento\rust_minix\target\aarch64-unknown-none\release\deps\rust_minix-929e3d914c9cbd4c.rust_minix.ec9d816fc1ca2df8-cgu.0.rcgu.o:(.text._ZN4core3fmt5write17hf42fabfe52c01167E)
           8a01c            8a01c      1c8     1                 core::fmt::write::hf42fabfe52c01167
           8a01c            8a01c        0     1                 $x
           8a1e4            8a1e4      154     4         C:\Desenvolvimento\rust_minix\target\aarch64-unknown-none\release\deps\rust_minix-929e3d914c9cbd4c.rust_minix.ec9d816fc1ca2df8-cgu.0.rcgu.o:(.text._ZN4core3fmt3num3imp52_$LT$impl$u20$core..fmt..Display$u20$for$u20$u64$GT$3fmt17hef712215e0a18847E)
           8a1e4            8a1e4      154     1                 core::fmt::num::imp::_$LT$impl$u20$core..fmt..Display$u20$for$u20$u64$GT$::fmt::hef712215e0a18847
           8a1e4            8a1e4        0     1                 $x
           8a338            8a338      14c     4         C:\Desenvolvimento\rust_minix\target\aarch64-unknown-none\release\deps\rust_minix-929e3d914c9cbd4c.rust_minix.ec9d816fc1ca2df8-cgu.0.rcgu.o:(.text._ZN4core3fmt3num3imp52_$LT$impl$u20$core..fmt..Display$u20$for$u20$u32$GT$3fmt17ha5ffeee6bf7d1033E)
           8a338            8a338      14c     1                 core::fmt::num::imp::_$LT$impl$u20$core..fmt..Display$u20$for$u20$u32$GT$::fmt::ha5ffeee6bf7d1033
           8a338            8a338        0     1                 $x
           8a484            8a484       a8     4         C:\Desenvolvimento\rust_minix\target\aarch64-unknown-none\release\deps\rust_minix-929e3d914c9cbd4c.rust_minix.ec9d816fc1ca2df8-cgu.0.rcgu.o:(.text._ZN4core3fmt3num3imp51_$LT$impl$u20$core..fmt..Display$u20$for$u20$u8$GT$3fmt17h6c64837bddd7d9ddE)
           8a484            8a484       a8     1                 core::fmt::num::imp::_$LT$impl$u20$core..fmt..Display$u20$for$u20$u8$GT$::fmt::h6c64837bddd7d9dd
           8a484            8a484        0     1                 $x
           8a52c            8a52c       2c     4         C:\Desenvolvimento\rust_minix\target\aarch64-unknown-none\release\deps\rust_minix-929e3d914c9cbd4c.rust_minix.ec9d816fc1ca2df8-cgu.0.rcgu.o:(.text._ZN43_$LT$bool$u20$as$u20$core..fmt..Display$GT$3fmt17h95c113c0a8e77035E)
           8a52c            8a52c       2c     1                 _$LT$bool$u20$as$u20$core..fmt..Display$GT$::fmt::h95c113c0a8e77035
           8a52c            8a52c        0     1                 $x
           8a558            8a558       14     4         C:\Desenvolvimento\rust_minix\target\aarch64-unknown-none\release\deps\rust_minix-929e3d914c9cbd4c.rust_minix.ec9d816fc1ca2df8-cgu.0.rcgu.o:(.text._ZN42_$LT$str$u20$as$u20$core..fmt..Display$GT$3fmt17h49277de43ffff77bE)
           8a558            8a558       14     1                 _$LT$str$u20$as$u20$core..fmt..Display$GT$::fmt::h49277de43ffff77b
           8a558            8a558        0     1                 $x
           8a56c            8a56c       84     4         C:\Desenvolvimento\rust_minix\target\aarch64-unknown-none\release\deps\rust_minix-929e3d914c9cbd4c.rust_minix.ec9d816fc1ca2df8-cgu.0.rcgu.o:(.text._ZN4core3fmt3num53_$LT$impl$u20$core..fmt..LowerHex$u20$for$u20$u32$GT$3fmt17h995c31784ae61289E)
           8a56c            8a56c       84     1                 core::fmt::num::_$LT$impl$u20$core..fmt..LowerHex$u20$for$u20$u32$GT$::fmt::h995c31784ae61289
           8a56c            8a56c        0     1                 $x
           8a5f0            8a5f0       84     4         C:\Desenvolvimento\rust_minix\target\aarch64-unknown-none\release\deps\rust_minix-929e3d914c9cbd4c.rust_minix.ec9d816fc1ca2df8-cgu.0.rcgu.o:(.text._ZN4core3fmt3num53_$LT$impl$u20$core..fmt..LowerHex$u20$for$u20$u64$GT$3fmt17h1d9b25f8381c6ca9E)
           8a5f0            8a5f0       84     1                 core::fmt::num::_$LT$impl$u20$core..fmt..LowerHex$u20$for$u20$u64$GT$::fmt::h1d9b25f8381c6ca9
           8a5f0            8a5f0        0     1                 $x
           8a674            8a674      20c     4         C:\Users\vladi\.rustup\toolchains\nightly-x86_64-pc-windows-msvc\lib\rustlib\aarch64-unknown-none\lib\libcompiler_builtins-664ed05fa08f4e1a.rlib(compiler_builtins-664ed05fa08f4e1a.compiler_builtins.48965fb12107c49a-cgu.275.rcgu.o):(.text.memcpy)
           8a674            8a674        0     1                 $x
           8a674            8a674      20c     1                 memcpy
           8a880            8a880      15c     4         C:\Users\vladi\.rustup\toolchains\nightly-x86_64-pc-windows-msvc\lib\rustlib\aarch64-unknown-none\lib\libcompiler_builtins-664ed05fa08f4e1a.rlib(compiler_builtins-664ed05fa08f4e1a.compiler_builtins.48965fb12107c49a-cgu.333.rcgu.o):(.text.memset)
           8a880            8a880        0     1                 $x
           8a880            8a880      15c     1                 memset
           8a9dc            8a9dc        0     1         __text_end = .
           8a9e0            8a9e0     1d33     8 .rodata
           8a9e0            8a9e0        0     1         __rodata_start = .
           8a9e0            8a9e0       30     8         C:\Desenvolvimento\rust_minix\target\aarch64-unknown-none\release\deps\rust_minix-929e3d914c9cbd4c.rust_minix.ec9d816fc1ca2df8-cgu.0.rcgu.o:(.rodata..Lanon.fa6beeace7cfb8d263bb9f1143093aa2.0)
           8a9e0            8a9e0        0     1                 $d
           8aa10            8aa10       13     1         C:\Desenvolvimento\rust_minix\target\aarch64-unknown-none\release\deps\rust_minix-929e3d914c9cbd4c.rust_minix.ec9d816fc1ca2df8-cgu.0.rcgu.o:(.rodata..Lanon.fa6beeace7cfb8d263bb9f1143093aa2.1)
           8aa10            8aa10        0     1                 $d
           8aa28            8aa28       10     8         C:\Desenvolvimento\rust_minix\target\aarch64-unknown-none\release\deps\rust_minix-929e3d914c9cbd4c.rust_minix.ec9d816fc1ca2df8-cgu.0.rcgu.o:(.rodata..Lanon.fa6beeace7cfb8d263bb9f1143093aa2.2)
           8aa28            8aa28        0     1                 $d
           8aa38            8aa38        1     1         C:\Desenvolvimento\rust_minix\target\aarch64-unknown-none\release\deps\rust_minix-929e3d914c9cbd4c.rust_minix.ec9d816fc1ca2df8-cgu.0.rcgu.o:(.rodata..Lanon.fa6beeace7cfb8d263bb9f1143093aa2.3)
           8aa38            8aa38        0     1                 $d
           8aa40            8aa40       10     8         C:\Desenvolvimento\rust_minix\target\aarch64-unknown-none\release\deps\rust_minix-929e3d914c9cbd4c.rust_minix.ec9d816fc1ca2df8-cgu.0.rcgu.o:(.rodata..Lanon.fa6beeace7cfb8d263bb9f1143093aa2.4)
           8aa40            8aa40        0     1                 $d
           8aa50            8aa50        d     1         C:\Desenvolvimento\rust_minix\target\aarch64-unknown-none\release\deps\rust_minix-929e3d914c9cbd4c.rust_minix.ec9d816fc1ca2df8-cgu.0.rcgu.o:(.rodata..Lanon.fa6beeace7cfb8d263bb9f1143093aa2.5)
           8aa50            8aa50        0     1                 $d
           8aa60            8aa60       10     8         C:\Desenvolvimento\rust_minix\target\aarch64-unknown-none\release\deps\rust_minix-929e3d914c9cbd4c.rust_minix.ec9d816fc1ca2df8-cgu.0.rcgu.o:(.rodata..Lanon.fa6beeace7cfb8d263bb9f1143093aa2.6)
           8aa60            8aa60        0     1                 $d
           8aa70            8aa70       30     1         <internal>:(.rodata.cst16)
           8aaa0            8aaa0       10     8         C:\Desenvolvimento\rust_minix\target\aarch64-unknown-none\release\deps\rust_minix-929e3d914c9cbd4c.rust_minix.ec9d816fc1ca2df8-cgu.0.rcgu.o:(.rodata..Lanon.fa6beeace7cfb8d263bb9f1143093aa2.8)
           8aaa0            8aaa0        0     1                 $d
           8aab0            8aab0       11     1         C:\Desenvolvimento\rust_minix\target\aarch64-unknown-none\release\deps\rust_minix-929e3d914c9cbd4c.rust_minix.ec9d816fc1ca2df8-cgu.0.rcgu.o:(.rodata..Lanon.fa6beeace7cfb8d263bb9f1143093aa2.9)
           8aab0            8aab0        0     1                 $d
           8aac1            8aac1       12     1         C:\Desenvolvimento\rust_minix\target\aarch64-unknown-none\release\deps\rust_minix-929e3d914c9cbd4c.rust_minix.ec9d816fc1ca2df8-cgu.0.rcgu.o:(.rodata..Lanon.fa6beeace7cfb8d263bb9f1143093aa2.10)
           8aac1            8aac1        0     1                 $d
           8aad8            8aad8       20     8         C:\Desenvolvimento\rust_minix\target\aarch64-unknown-none\release\deps\rust_minix-929e3d914c9cbd4c.rust_minix.ec9d816fc1ca2df8-cgu.0.rcgu.o:(.rodata..Lanon.fa6beeace7cfb8d263bb9f1143093aa2.11)
           8aad8            8aad8        0     1                 $d
           8aaf8            8aaf8       1c     1         C:\Desenvolvimento\rust_minix\target\aarch64-unknown-none\release\deps\rust_minix-929e3d914c9cbd4c.rust_minix.ec9d816fc1ca2df8-cgu.0.rcgu.o:(.rodata..Lanon.fa6beeace7cfb8d263bb9f1143093aa2.12)
           8aaf8            8aaf8        0     1                 $d
           8ab18            8ab18       10     8         C:\Desenvolvimento\rust_minix\target\aarch64-unknown-none\release\deps\rust_minix-929e3d914c9cbd4c.rust_minix.ec9d816fc1ca2df8-cgu.0.rcgu.o:(.rodata..Lanon.fa6beeace7cfb8d263bb9f1143093aa2.13)
           8ab18            8ab18        0     1                 $d
           8ab28            8ab28        b     1         C:\Desenvolvimento\rust_minix\target\aarch64-unknown-none\release\deps\rust_minix-929e3d914c9cbd4c.rust_minix.ec9d816fc1ca2df8-cgu.0.rcgu.o:(.rodata..Lanon.fa6beeace7cfb8d263bb9f1143093aa2.14)
           8ab28            8ab28        0     1                 $d
           8ab38            8ab38       10     8         C:\Desenvolvimento\rust_minix\target\aarch64-unknown-none\release\deps\rust_minix-929e3d914c9cbd4c.rust_minix.ec9d816fc1ca2df8-cgu.0.rcgu.o:(.rodata..Lanon.fa6beeace7cfb8d263bb9f1143093aa2.15)
           8ab38            8ab38        0     1                 $d
           8ab48            8ab48       30     8         C:\Desenvolvimento\rust_minix\target\aarch64-unknown-none\release\deps\rust_minix-929e3d914c9cbd4c.rust_minix.ec9d816fc1ca2df8-cgu.0.rcgu.o:(.rodata..Lanon.fa6beeace7cfb8d263bb9f1143093aa2.16)
           8ab48            8ab48        0     1                 $d
           8ab78            8ab78        c     1         C:\Desenvolvimento\rust_minix\target\aarch64-unknown-none\release\deps\rust_minix-929e3d914c9cbd4c.rust_minix.ec9d816fc1ca2df8-cgu.0.rcgu.o:(.rodata..Lanon.fa6beeace7cfb8d263bb9f1143093aa2.17)
           8ab78            8ab78        0     1                 $d
           8ab88            8ab88       10     8         C:\Desenvolvimento\rust_minix\target\aarch64-unknown-none\release\deps\rust_minix-929e3d914c9cbd4c.rust_minix.ec9d816fc1ca2df8-cgu.0.rcgu.o:(.rodata..Lanon.fa6beeace7cfb8d263bb9f1143093aa2.18)
           8ab88            8ab88        0     1                 $d
           8ab98            8ab98        b     1         C:\Desenvolvimento\rust_minix\target\aarch64-unknown-none\release\deps\rust_minix-929e3d914c9cbd4c.rust_minix.ec9d816fc1ca2df8-cgu.0.rcgu.o:(.rodata..Lanon.fa6beeace7cfb8d263bb9f1143093aa2.19)
           8ab98            8ab98        0     1                 $d
           8aba8            8aba8       10     8         C:\Desenvolvimento\rust_minix\target\aarch64-unknown-none\release\deps\rust_minix-929e3d914c9cbd4c.rust_minix.ec9d816fc1ca2df8-cgu.0.rcgu.o:(.rodata..Lanon.fa6beeace7cfb8d263bb9f1143093aa2.20)
           8aba8            8aba8        0     1                 $d
           8abb8            8abb8       13     1         C:\Desenvolvimento\rust_minix\target\aarch64-unknown-none\release\deps\rust_minix-929e3d914c9cbd4c.rust_minix.ec9d816fc1ca2df8-cgu.0.rcgu.o:(.rodata..Lanon.fa6beeace7cfb8d263bb9f1143093aa2.21)
           8abb8            8abb8        0     1                 $d
           8abd0            8abd0       10     8         C:\Desenvolvimento\rust_minix\target\aarch64-unknown-none\release\deps\rust_minix-929e3d914c9cbd4c.rust_minix.ec9d816fc1ca2df8-cgu.0.rcgu.o:(.rodata..Lanon.fa6beeace7cfb8d263bb9f1143093aa2.22)
           8abd0            8abd0        0     1                 $d
           8abe0            8abe0       30     8         C:\Desenvolvimento\rust_minix\target\aarch64-unknown-none\release\deps\rust_minix-929e3d914c9cbd4c.rust_minix.ec9d816fc1ca2df8-cgu.0.rcgu.o:(.rodata..Lanon.fa6beeace7cfb8d263bb9f1143093aa2.23)
           8abe0            8abe0        0     1                 $d
           8ac10            8ac10       19     1         C:\Desenvolvimento\rust_minix\target\aarch64-unknown-none\release\deps\rust_minix-929e3d914c9cbd4c.rust_minix.ec9d816fc1ca2df8-cgu.0.rcgu.o:(.rodata..Lanon.fa6beeace7cfb8d263bb9f1143093aa2.24)
           8ac10            8ac10        0     1                 $d
           8ac30            8ac30       10     8         C:\Desenvolvimento\rust_minix\target\aarch64-unknown-none\release\deps\rust_minix-929e3d914c9cbd4c.rust_minix.ec9d816fc1ca2df8-cgu.0.rcgu.o:(.rodata..Lanon.fa6beeace7cfb8d263bb9f1143093aa2.25)
           8ac30            8ac30        0     1                 $d
           8ac40            8ac40       1f     1         C:\Desenvolvimento\rust_minix\target\aarch64-unknown-none\release\deps\rust_minix-929e3d914c9cbd4c.rust_minix.ec9d816fc1ca2df8-cgu.0.rcgu.o:(.rodata..Lanon.fa6beeace7cfb8d263bb9f1143093aa2.26)
           8ac40            8ac40        0     1                 $d
           8ac60            8ac60       10     8         C:\Desenvolvimento\rust_minix\target\aarch64-unknown-none\release\deps\rust_minix-929e3d914c9cbd4c.rust_minix.ec9d816fc1ca2df8-cgu.0.rcgu.o:(.rodata..Lanon.fa6beeace7cfb8d263bb9f1143093aa2.27)
           8ac60            8ac60        0     1                 $d
           8ac70            8ac70       18     1         C:\Desenvolvimento\rust_minix\target\aarch64-unknown-none\release\deps\rust_minix-929e3d914c9cbd4c.rust_minix.ec9d816fc1ca2df8-cgu.0.rcgu.o:(.rodata..Lanon.fa6beeace7cfb8d263bb9f1143093aa2.28)
           8ac70            8ac70        0     1                 $d
           8ac88            8ac88       10     8         C:\Desenvolvimento\rust_minix\target\aarch64-unknown-none\release\deps\rust_minix-929e3d914c9cbd4c.rust_minix.ec9d816fc1ca2df8-cgu.0.rcgu.o:(.rodata..Lanon.fa6beeace7cfb8d263bb9f1143093aa2.29)
           8ac88            8ac88        0     1                 $d
           8ac98            8ac98       17     1         C:\Desenvolvimento\rust_minix\target\aarch64-unknown-none\release\deps\rust_minix-929e3d914c9cbd4c.rust_minix.ec9d816fc1ca2df8-cgu.0.rcgu.o:(.rodata..Lanon.fa6beeace7cfb8d263bb9f1143093aa2.30)
           8ac98            8ac98        0     1                 $d
           8acb0            8acb0       10     8         C:\Desenvolvimento\rust_minix\target\aarch64-unknown-none\release\deps\rust_minix-929e3d914c9cbd4c.rust_minix.ec9d816fc1ca2df8-cgu.0.rcgu.o:(.rodata..Lanon.fa6beeace7cfb8d263bb9f1143093aa2.31)
           8acb0            8acb0        0     1                 $d
           8acc0            8acc0       1f     1         C:\Desenvolvimento\rust_minix\target\aarch64-unknown-none\release\deps\rust_minix-929e3d914c9cbd4c.rust_minix.ec9d816fc1ca2df8-cgu.0.rcgu.o:(.rodata..Lanon.fa6beeace7cfb8d263bb9f1143093aa2.32)
           8acc0            8acc0        0     1                 $d
           8ace0            8ace0       10     8         C:\Desenvolvimento\rust_minix\target\aarch64-unknown-none\release\deps\rust_minix-929e3d914c9cbd4c.rust_minix.ec9d816fc1ca2df8-cgu.0.rcgu.o:(.rodata..Lanon.fa6beeace7cfb8d263bb9f1143093aa2.33)
           8ace0            8ace0        0     1                 $d
           8acf0            8acf0       2d     1         <internal>:(.rodata.str1.1)
           8ad20            8ad20       18     8         C:\Desenvolvimento\rust_minix\target\aarch64-unknown-none\release\deps\rust_minix-929e3d914c9cbd4c.rust_minix.ec9d816fc1ca2df8-cgu.0.rcgu.o:(.rodata..Lanon.fa6beeace7cfb8d263bb9f1143093aa2.35)
           8ad20            8ad20        0     1                 $d
           8ad38            8ad38       14     1         C:\Desenvolvimento\rust_minix\target\aarch64-unknown-none\release\deps\rust_minix-929e3d914c9cbd4c.rust_minix.ec9d816fc1ca2df8-cgu.0.rcgu.o:(.rodata..Lanon.fa6beeace7cfb8d263bb9f1143093aa2.36)
           8ad38            8ad38        0     1                 $d
           8ad50            8ad50       10     8         C:\Desenvolvimento\rust_minix\target\aarch64-unknown-none\release\deps\rust_minix-929e3d914c9cbd4c.rust_minix.ec9d816fc1ca2df8-cgu.0.rcgu.o:(.rodata..Lanon.fa6beeace7cfb8d263bb9f1143093aa2.37)
           8ad50            8ad50        0     1                 $d
           8ad60            8ad60       14     1         C:\Desenvolvimento\rust_minix\target\aarch64-unknown-none\release\deps\rust_minix-929e3d914c9cbd4c.rust_minix.ec9d816fc1ca2df8-cgu.0.rcgu.o:(.rodata..Lanon.fa6beeace7cfb8d263bb9f1143093aa2.38)
           8ad60            8ad60        0     1                 $d
           8ad78            8ad78       10     8         C:\Desenvolvimento\rust_minix\target\aarch64-unknown-none\release\deps\rust_minix-929e3d914c9cbd4c.rust_minix.ec9d816fc1ca2df8-cgu.0.rcgu.o:(.rodata..Lanon.fa6beeace7cfb8d263bb9f1143093aa2.39)
           8ad78            8ad78        0     1                 $d
           8ad88            8ad88       16     1         C:\Desenvolvimento\rust_minix\target\aarch64-unknown-none\release\deps\rust_minix-929e3d914c9cbd4c.rust_minix.ec9d816fc1ca2df8-cgu.0.rcgu.o:(.rodata..Lanon.fa6beeace7cfb8d263bb9f1143093aa2.40)
           8ad88            8ad88        0     1                 $d
           8ada0            8ada0       10     8         C:\Desenvolvimento\rust_minix\target\aarch64-unknown-none\release\deps\rust_minix-929e3d914c9cbd4c.rust_minix.ec9d816fc1ca2df8-cgu.0.rcgu.o:(.rodata..Lanon.fa6beeace7cfb8d263bb9f1143093aa2.41)
           8ada0            8ada0        0     1                 $d
           8adb0            8adb0       17     1         C:\Desenvolvimento\rust_minix\target\aarch64-unknown-none\release\deps\rust_minix-929e3d914c9cbd4c.rust_minix.ec9d816fc1ca2df8-cgu.0.rcgu.o:(.rodata..Lanon.fa6beeace7cfb8d263bb9f1143093aa2.42)
           8adb0            8adb0        0     1                 $d
           8adc8            8adc8       10     8         C:\Desenvolvimento\rust_minix\target\aarch64-unknown-none\release\deps\rust_minix-929e3d914c9cbd4c.rust_minix.ec9d816fc1ca2df8-cgu.0.rcgu.o:(.rodata..Lanon.fa6beeace7cfb8d263bb9f1143093aa2.43)
           8adc8            8adc8        0     1                 $d
           8add8            8add8       1a     1         C:\Desenvolvimento\rust_minix\target\aarch64-unknown-none\release\deps\rust_minix-929e3d914c9cbd4c.rust_minix.ec9d816fc1ca2df8-cgu.0.rcgu.o:(.rodata..Lanon.fa6beeace7cfb8d263bb9f1143093aa2.44)
           8add8            8add8        0     1                 $d
           8adf8            8adf8       10     8         C:\Desenvolvimento\rust_minix\target\aarch64-unknown-none\release\deps\rust_minix-929e3d914c9cbd4c.rust_minix.ec9d816fc1ca2df8-cgu.0.rcgu.o:(.rodata..Lanon.fa6beeace7cfb8d263bb9f1143093aa2.45)
           8adf8            8adf8        0     1                 $d
           8ae08            8ae08       18     8         C:\Desenvolvimento\rust_minix\target\aarch64-unknown-none\release\deps\rust_minix-929e3d914c9cbd4c.rust_minix.ec9d816fc1ca2df8-cgu.0.rcgu.o:(.rodata..Lanon.fa6beeace7cfb8d263bb9f1143093aa2.46)
           8ae08            8ae08        0     1                 $d
           8ae20            8ae20       1e     1         C:\Desenvolvimento\rust_minix\target\aarch64-unknown-none\release\deps\rust_minix-929e3d914c9cbd4c.rust_minix.ec9d816fc1ca2df8-cgu.0.rcgu.o:(.rodata..Lanon.fa6beeace7cfb8d263bb9f1143093aa2.47)
           8ae20            8ae20        0     1                 $d
           8ae40            8ae40       10     8         C:\Desenvolvimento\rust_minix\target\aarch64-unknown-none\release\deps\rust_minix-929e3d914c9cbd4c.rust_minix.ec9d816fc1ca2df8-cgu.0.rcgu.o:(.rodata..Lanon.fa6beeace7cfb8d263bb9f1143093aa2.48)
           8ae40            8ae40        0     1                 $d
           8ae50            8ae50       14     1         C:\Desenvolvimento\rust_minix\target\aarch64-unknown-none\release\deps\rust_minix-929e3d914c9cbd4c.rust_minix.ec9d816fc1ca2df8-cgu.0.rcgu.o:(.rodata..Lanon.fa6beeace7cfb8d263bb9f1143093aa2.49)
           8ae50            8ae50        0     1                 $d
           8ae68            8ae68       10     8         C:\Desenvolvimento\rust_minix\target\aarch64-unknown-none\release\deps\rust_minix-929e3d914c9cbd4c.rust_minix.ec9d816fc1ca2df8-cgu.0.rcgu.o:(.rodata..Lanon.fa6beeace7cfb8d263bb9f1143093aa2.50)
           8ae68            8ae68        0     1                 $d
           8ae78            8ae78       17     1         C:\Desenvolvimento\rust_minix\target\aarch64-unknown-none\release\deps\rust_minix-929e3d914c9cbd4c.rust_minix.ec9d816fc1ca2df8-cgu.0.rcgu.o:(.rodata..Lanon.fa6beeace7cfb8d263bb9f1143093aa2.51)
           8ae78            8ae78        0     1                 $d
           8ae90            8ae90       10     8         C:\Desenvolvimento\rust_minix\target\aarch64-unknown-none\release\deps\rust_minix-929e3d914c9cbd4c.rust_minix.ec9d816fc1ca2df8-cgu.0.rcgu.o:(.rodata..Lanon.fa6beeace7cfb8d263bb9f1143093aa2.52)
           8ae90            8ae90        0     1                 $d
           8aea0            8aea0       18     8         C:\Desenvolvimento\rust_minix\target\aarch64-unknown-none\release\deps\rust_minix-929e3d914c9cbd4c.rust_minix.ec9d816fc1ca2df8-cgu.0.rcgu.o:(.rodata..Lanon.fa6beeace7cfb8d263bb9f1143093aa2.53)
           8aea0            8aea0        0     1                 $d
           8aeb8            8aeb8       16     1         C:\Desenvolvimento\rust_minix\target\aarch64-unknown-none\release\deps\rust_minix-929e3d914c9cbd4c.rust_minix.ec9d816fc1ca2df8-cgu.0.rcgu.o:(.rodata..Lanon.fa6beeace7cfb8d263bb9f1143093aa2.54)
           8aeb8            8aeb8        0     1                 $d
           8aed0            8aed0       10     8         C:\Desenvolvimento\rust_minix\target\aarch64-unknown-none\release\deps\rust_minix-929e3d914c9cbd4c.rust_minix.ec9d816fc1ca2df8-cgu.0.rcgu.o:(.rodata..Lanon.fa6beeace7cfb8d263bb9f1143093aa2.55)
           8aed0            8aed0        0     1                 $d
           8aee0            8aee0       16     1         C:\Desenvolvimento\rust_minix\target\aarch64-unknown-none\release\deps\rust_minix-929e3d914c9cbd4c.rust_minix.ec9d816fc1ca2df8-cgu.0.rcgu.o:(.rodata..Lanon.fa6beeace7cfb8d263bb9f1143093aa2.56)
           8aee0            8aee0        0     1                 $d
           8aef8            8aef8       10     8         C:\Desenvolvimento\rust_minix\target\aarch64-unknown-none\release\deps\rust_minix-929e3d914c9cbd4c.rust_minix.ec9d816fc1ca2df8-cgu.0.rcgu.o:(.rodata..Lanon.fa6beeace7cfb8d263bb9f1143093aa2.57)
           8aef8            8aef8        0     1                 $d
           8af08            8af08       19     1         C:\Desenvolvimento\rust_minix\target\aarch64-unknown-none\release\deps\rust_minix-929e3d914c9cbd4c.rust_minix.ec9d816fc1ca2df8-cgu.0.rcgu.o:(.rodata..Lanon.fa6beeace7cfb8d263bb9f1143093aa2.58)
           8af08            8af08        0     1                 $d
           8af28            8af28       10     8         C:\Desenvolvimento\rust_minix\target\aarch64-unknown-none\release\deps\rust_minix-929e3d914c9cbd4c.rust_minix.ec9d816fc1ca2df8-cgu.0.rcgu.o:(.rodata..Lanon.fa6beeace7cfb8d263bb9f1143093aa2.59)
           8af28            8af28        0     1                 $d
           8af38            8af38       19     1         C:\Desenvolvimento\rust_minix\target\aarch64-unknown-none\release\deps\rust_minix-929e3d914c9cbd4c.rust_minix.ec9d816fc1ca2df8-cgu.0.rcgu.o:(.rodata..Lanon.fa6beeace7cfb8d263bb9f1143093aa2.60)
           8af38            8af38        0     1                 $d
           8af58            8af58       10     8         C:\Desenvolvimento\rust_minix\target\aarch64-unknown-none\release\deps\rust_minix-929e3d914c9cbd4c.rust_minix.ec9d816fc1ca2df8-cgu.0.rcgu.o:(.rodata..Lanon.fa6beeace7cfb8d263bb9f1143093aa2.61)
           8af58            8af58        0     1                 $d
           8af68            8af68       18     8         C:\Desenvolvimento\rust_minix\target\aarch64-unknown-none\release\deps\rust_minix-929e3d914c9cbd4c.rust_minix.ec9d816fc1ca2df8-cgu.0.rcgu.o:(.rodata..Lanon.fa6beeace7cfb8d263bb9f1143093aa2.62)
           8af68            8af68        0     1                 $d
           8af80            8af80        d     1         C:\Desenvolvimento\rust_minix\target\aarch64-unknown-none\release\deps\rust_minix-929e3d914c9cbd4c.rust_minix.ec9d816fc1ca2df8-cgu.0.rcgu.o:(.rodata..Lanon.fa6beeace7cfb8d263bb9f1143093aa2.63)
           8af80            8af80        0     1                 $d
           8af90            8af90       10     8         C:\Desenvolvimento\rust_minix\target\aarch64-unknown-none\release\deps\rust_minix-929e3d914c9cbd4c.rust_minix.ec9d816fc1ca2df8-cgu.0.rcgu.o:(.rodata..Lanon.fa6beeace7cfb8d263bb9f1143093aa2.64)
           8af90            8af90        0     1                 $d
           8afa0            8afa0       24     1         C:\Desenvolvimento\rust_minix\target\aarch64-unknown-none\release\deps\rust_minix-929e3d914c9cbd4c.rust_minix.ec9d816fc1ca2df8-cgu.0.rcgu.o:(.rodata..Lanon.fa6beeace7cfb8d263bb9f1143093aa2.65)
           8afa0            8afa0        0     1                 $d
           8afc8            8afc8       10     8         C:\Desenvolvimento\rust_minix\target\aarch64-unknown-none\release\deps\rust_minix-929e3d914c9cbd4c.rust_minix.ec9d816fc1ca2df8-cgu.0.rcgu.o:(.rodata..Lanon.fa6beeace7cfb8d263bb9f1143093aa2.66)
           8afc8            8afc8        0     1                 $d
           8afd8            8afd8       80     1         <internal>:(.rodata.cst32)
           8b058            8b058       10     8         C:\Desenvolvimento\rust_minix\target\aarch64-unknown-none\release\deps\rust_minix-929e3d914c9cbd4c.rust_minix.ec9d816fc1ca2df8-cgu.0.rcgu.o:(.rodata..Lanon.fa6beeace7cfb8d263bb9f1143093aa2.68)
           8b058            8b058        0     1                 $d
           8b068            8b068       16     1         C:\Desenvolvimento\rust_minix\target\aarch64-unknown-none\release\deps\rust_minix-929e3d914c9cbd4c.rust_minix.ec9d816fc1ca2df8-cgu.0.rcgu.o:(.rodata..Lanon.fa6beeace7cfb8d263bb9f1143093aa2.69)
           8b068            8b068        0     1                 $d
           8b080            8b080       10     8         C:\Desenvolvimento\rust_minix\target\aarch64-unknown-none\release\deps\rust_minix-929e3d914c9cbd4c.rust_minix.ec9d816fc1ca2df8-cgu.0.rcgu.o:(.rodata..Lanon.fa6beeace7cfb8d263bb9f1143093aa2.70)
           8b080            8b080        0     1                 $d
           8b090            8b090       1e     1         C:\Desenvolvimento\rust_minix\target\aarch64-unknown-none\release\deps\rust_minix-929e3d914c9cbd4c.rust_minix.ec9d816fc1ca2df8-cgu.0.rcgu.o:(.rodata..Lanon.fa6beeace7cfb8d263bb9f1143093aa2.71)
           8b090            8b090        0     1                 $d
           8b0b0            8b0b0       10     8         C:\Desenvolvimento\rust_minix\target\aarch64-unknown-none\release\deps\rust_minix-929e3d914c9cbd4c.rust_minix.ec9d816fc1ca2df8-cgu.0.rcgu.o:(.rodata..Lanon.fa6beeace7cfb8d263bb9f1143093aa2.72)
           8b0b0            8b0b0        0     1                 $d
           8b0c0            8b0c0       25     1         C:\Desenvolvimento\rust_minix\target\aarch64-unknown-none\release\deps\rust_minix-929e3d914c9cbd4c.rust_minix.ec9d816fc1ca2df8-cgu.0.rcgu.o:(.rodata..Lanon.fa6beeace7cfb8d263bb9f1143093aa2.73)
           8b0c0            8b0c0        0     1                 $d
           8b0e8            8b0e8       10     8         C:\Desenvolvimento\rust_minix\target\aarch64-unknown-none\release\deps\rust_minix-929e3d914c9cbd4c.rust_minix.ec9d816fc1ca2df8-cgu.0.rcgu.o:(.rodata..Lanon.fa6beeace7cfb8d263bb9f1143093aa2.74)
           8b0e8            8b0e8        0     1                 $d
           8b0f8            8b0f8        d     1         C:\Desenvolvimento\rust_minix\target\aarch64-unknown-none\release\deps\rust_minix-929e3d914c9cbd4c.rust_minix.ec9d816fc1ca2df8-cgu.0.rcgu.o:(.rodata..Lanon.fa6beeace7cfb8d263bb9f1143093aa2.75)
           8b0f8            8b0f8        0     1                 $d
           8b105            8b105        6     1         C:\Desenvolvimento\rust_minix\target\aarch64-unknown-none\release\deps\rust_minix-929e3d914c9cbd4c.rust_minix.ec9d816fc1ca2df8-cgu.0.rcgu.o:(.rodata..Lanon.fa6beeace7cfb8d263bb9f1143093aa2.76)
           8b105            8b105        0     1                 $d
           8b110            8b110       20     8         C:\Desenvolvimento\rust_minix\target\aarch64-unknown-none\release\deps\rust_minix-929e3d914c9cbd4c.rust_minix.ec9d816fc1ca2df8-cgu.0.rcgu.o:(.rodata..Lanon.fa6beeace7cfb8d263bb9f1143093aa2.77)
           8b110            8b110        0     1                 $d
           8b130            8b130        d     1         C:\Desenvolvimento\rust_minix\target\aarch64-unknown-none\release\deps\rust_minix-929e3d914c9cbd4c.rust_minix.ec9d816fc1ca2df8-cgu.0.rcgu.o:(.rodata..Lanon.fa6beeace7cfb8d263bb9f1143093aa2.78)
           8b130            8b130        0     1                 $d
           8b140            8b140       10     8         C:\Desenvolvimento\rust_minix\target\aarch64-unknown-none\release\deps\rust_minix-929e3d914c9cbd4c.rust_minix.ec9d816fc1ca2df8-cgu.0.rcgu.o:(.rodata..Lanon.fa6beeace7cfb8d263bb9f1143093aa2.79)
           8b140            8b140        0     1                 $d
           8b150            8b150       37     1         C:\Desenvolvimento\rust_minix\target\aarch64-unknown-none\release\deps\rust_minix-929e3d914c9cbd4c.rust_minix.ec9d816fc1ca2df8-cgu.0.rcgu.o:(.rodata..Lanon.fa6beeace7cfb8d263bb9f1143093aa2.80)
           8b150            8b150        0     1                 $d
           8b188            8b188       10     8         C:\Desenvolvimento\rust_minix\target\aarch64-unknown-none\release\deps\rust_minix-929e3d914c9cbd4c.rust_minix.ec9d816fc1ca2df8-cgu.0.rcgu.o:(.rodata..Lanon.fa6beeace7cfb8d263bb9f1143093aa2.81)
           8b188            8b188        0     1                 $d
           8b198            8b198       39     1         C:\Desenvolvimento\rust_minix\target\aarch64-unknown-none\release\deps\rust_minix-929e3d914c9cbd4c.rust_minix.ec9d816fc1ca2df8-cgu.0.rcgu.o:(.rodata..Lanon.fa6beeace7cfb8d263bb9f1143093aa2.82)
           8b198            8b198        0     1                 $d
           8b1d8            8b1d8       10     8         C:\Desenvolvimento\rust_minix\target\aarch64-unknown-none\release\deps\rust_minix-929e3d914c9cbd4c.rust_minix.ec9d816fc1ca2df8-cgu.0.rcgu.o:(.rodata..Lanon.fa6beeace7cfb8d263bb9f1143093aa2.83)
           8b1d8            8b1d8        0     1                 $d
           8b1e8            8b1e8       23     1         C:\Desenvolvimento\rust_minix\target\aarch64-unknown-none\release\deps\rust_minix-929e3d914c9cbd4c.rust_minix.ec9d816fc1ca2df8-cgu.0.rcgu.o:(.rodata..Lanon.fa6beeace7cfb8d263bb9f1143093aa2.84)
           8b1e8            8b1e8        0     1                 $d
           8b210            8b210       10     8         C:\Desenvolvimento\rust_minix\target\aarch64-unknown-none\release\deps\rust_minix-929e3d914c9cbd4c.rust_minix.ec9d816fc1ca2df8-cgu.0.rcgu.o:(.rodata..Lanon.fa6beeace7cfb8d263bb9f1143093aa2.85)
           8b210            8b210        0     1                 $d
           8b220            8b220       1c     1         C:\Desenvolvimento\rust_minix\target\aarch64-unknown-none\release\deps\rust_minix-929e3d914c9cbd4c.rust_minix.ec9d816fc1ca2df8-cgu.0.rcgu.o:(.rodata..Lanon.fa6beeace7cfb8d263bb9f1143093aa2.86)
           8b220            8b220        0     1                 $d
           8b240            8b240       10     8         C:\Desenvolvimento\rust_minix\target\aarch64-unknown-none\release\deps\rust_minix-929e3d914c9cbd4c.rust_minix.ec9d816fc1ca2df8-cgu.0.rcgu.o:(.rodata..Lanon.fa6beeace7cfb8d263bb9f1143093aa2.87)
           8b240            8b240        0     1                 $d
           8b250            8b250       17     1         C:\Desenvolvimento\rust_minix\target\aarch64-unknown-none\release\deps\rust_minix-929e3d914c9cbd4c.rust_minix.ec9d816fc1ca2df8-cgu.0.rcgu.o:(.rodata..Lanon.fa6beeace7cfb8d263bb9f1143093aa2.88)
           8b250            8b250        0     1                 $d
           8b268            8b268       10     8         C:\Desenvolvimento\rust_minix\target\aarch64-unknown-none\release\deps\rust_minix-929e3d914c9cbd4c.rust_minix.ec9d816fc1ca2df8-cgu.0.rcgu.o:(.rodata..Lanon.fa6beeace7cfb8d263bb9f1143093aa2.89)
           8b268            8b268        0     1                 $d
           8b278            8b278       1a     1         C:\Desenvolvimento\rust_minix\target\aarch64-unknown-none\release\deps\rust_minix-929e3d914c9cbd4c.rust_minix.ec9d816fc1ca2df8-cgu.0.rcgu.o:(.rodata..Lanon.fa6beeace7cfb8d263bb9f1143093aa2.90)
           8b278            8b278        0     1                 $d
           8b298            8b298       10     8         C:\Desenvolvimento\rust_minix\target\aarch64-unknown-none\release\deps\rust_minix-929e3d914c9cbd4c.rust_minix.ec9d816fc1ca2df8-cgu.0.rcgu.o:(.rodata..Lanon.fa6beeace7cfb8d263bb9f1143093aa2.91)
           8b298            8b298        0     1                 $d
           8b2a8            8b2a8        5     1         C:\Desenvolvimento\rust_minix\target\aarch64-unknown-none\release\deps\rust_minix-929e3d914c9cbd4c.rust_minix.ec9d816fc1ca2df8-cgu.0.rcgu.o:(.rodata..Lanon.fa6beeace7cfb8d263bb9f1143093aa2.93)
           8b2a8            8b2a8        0     1                 $d
           8b2ad            8b2ad        c     1         C:\Desenvolvimento\rust_minix\target\aarch64-unknown-none\release\deps\rust_minix-929e3d914c9cbd4c.rust_minix.ec9d816fc1ca2df8-cgu.0.rcgu.o:(.rodata..Lanon.fa6beeace7cfb8d263bb9f1143093aa2.94)
           8b2ad            8b2ad        0     1                 $d
           8b2c0            8b2c0       20     8         C:\Desenvolvimento\rust_minix\target\aarch64-unknown-none\release\deps\rust_minix-929e3d914c9cbd4c.rust_minix.ec9d816fc1ca2df8-cgu.0.rcgu.o:(.rodata..Lanon.fa6beeace7cfb8d263bb9f1143093aa2.95)
           8b2c0            8b2c0        0     1                 $d
           8b2e0            8b2e0        c     1         C:\Desenvolvimento\rust_minix\target\aarch64-unknown-none\release\deps\rust_minix-929e3d914c9cbd4c.rust_minix.ec9d816fc1ca2df8-cgu.0.rcgu.o:(.rodata..Lanon.fa6beeace7cfb8d263bb9f1143093aa2.96)
           8b2e0            8b2e0        0     1                 $d
           8b2ec            8b2ec       14     1         C:\Desenvolvimento\rust_minix\target\aarch64-unknown-none\release\deps\rust_minix-929e3d914c9cbd4c.rust_minix.ec9d816fc1ca2df8-cgu.0.rcgu.o:(.rodata..Lanon.fa6beeace7cfb8d263bb9f1143093aa2.97)
           8b2ec            8b2ec        0     1                 $d
           8b300            8b300       20     8         C:\Desenvolvimento\rust_minix\target\aarch64-unknown-none\release\deps\rust_minix-929e3d914c9cbd4c.rust_minix.ec9d816fc1ca2df8-cgu.0.rcgu.o:(.rodata..Lanon.fa6beeace7cfb8d263bb9f1143093aa2.98)
           8b300            8b300        0     1                 $d
           8b320            8b320       2e     1         C:\Desenvolvimento\rust_minix\target\aarch64-unknown-none\release\deps\rust_minix-929e3d914c9cbd4c.rust_minix.ec9d816fc1ca2df8-cgu.0.rcgu.o:(.rodata..Lanon.fa6beeace7cfb8d263bb9f1143093aa2.99)
           8b320            8b320        0     1                 $d
           8b350            8b350       10     8         C:\Desenvolvimento\rust_minix\target\aarch64-unknown-none\release\deps\rust_minix-929e3d914c9cbd4c.rust_minix.ec9d816fc1ca2df8-cgu.0.rcgu.o:(.rodata..Lanon.fa6beeace7cfb8d263bb9f1143093aa2.100)
           8b350            8b350        0     1                 $d
           8b360            8b360       30     8         <internal>:(.rodata.cst8)
           8b390            8b390        d     1         C:\Desenvolvimento\rust_minix\target\aarch64-unknown-none\release\deps\rust_minix-929e3d914c9cbd4c.rust_minix.ec9d816fc1ca2df8-cgu.0.rcgu.o:(.rodata..Lanon.fa6beeace7cfb8d263bb9f1143093aa2.102)
           8b390            8b390        0     1                 $d
           8b39d            8b39d        1     1         C:\Desenvolvimento\rust_minix\target\aarch64-unknown-none\release\deps\rust_minix-929e3d914c9cbd4c.rust_minix.ec9d816fc1ca2df8-cgu.0.rcgu.o:(.rodata..Lanon.fa6beeace7cfb8d263bb9f1143093aa2.103)
           8b39d            8b39d        0     1                 $d
           8b3a0            8b3a0       20     8         C:\Desenvolvimento\rust_minix\target\aarch64-unknown-none\release\deps\rust_minix-929e3d914c9cbd4c.rust_minix.ec9d816fc1ca2df8-cgu.0.rcgu.o:(.rodata..Lanon.fa6beeace7cfb8d263bb9f1143093aa2.104)
           8b3a0            8b3a0        0     1                 $d
           8b3c0            8b3c0       24     1         C:\Desenvolvimento\rust_minix\target\aarch64-unknown-none\release\deps\rust_minix-929e3d914c9cbd4c.rust_minix.ec9d816fc1ca2df8-cgu.0.rcgu.o:(.rodata..Lanon.fa6beeace7cfb8d263bb9f1143093aa2.105)
           8b3c0            8b3c0        0     1                 $d
           8b3e4            8b3e4        d     1         C:\Desenvolvimento\rust_minix\target\aarch64-unknown-none\release\deps\rust_minix-929e3d914c9cbd4c.rust_minix.ec9d816fc1ca2df8-cgu.0.rcgu.o:(.rodata..Lanon.fa6beeace7cfb8d263bb9f1143093aa2.106)
           8b3e4            8b3e4        0     1                 $d
           8b3f8            8b3f8       30     8         C:\Desenvolvimento\rust_minix\target\aarch64-unknown-none\release\deps\rust_minix-929e3d914c9cbd4c.rust_minix.ec9d816fc1ca2df8-cgu.0.rcgu.o:(.rodata..Lanon.fa6beeace7cfb8d263bb9f1143093aa2.107)
           8b3f8            8b3f8        0     1                 $d
           8b428            8b428        f     1         C:\Desenvolvimento\rust_minix\target\aarch64-unknown-none\release\deps\rust_minix-929e3d914c9cbd4c.rust_minix.ec9d816fc1ca2df8-cgu.0.rcgu.o:(.rodata..Lanon.fa6beeace7cfb8d263bb9f1143093aa2.108)
           8b428            8b428        0     1                 $d
           8b437            8b437       13     1         C:\Desenvolvimento\rust_minix\target\aarch64-unknown-none\release\deps\rust_minix-929e3d914c9cbd4c.rust_minix.ec9d816fc1ca2df8-cgu.0.rcgu.o:(.rodata..Lanon.fa6beeace7cfb8d263bb9f1143093aa2.109)
           8b437            8b437        0     1                 $d
           8b450            8b450       20     8         C:\Desenvolvimento\rust_minix\target\aarch64-unknown-none\release\deps\rust_minix-929e3d914c9cbd4c.rust_minix.ec9d816fc1ca2df8-cgu.0.rcgu.o:(.rodata..Lanon.fa6beeace7cfb8d263bb9f1143093aa2.110)
           8b450            8b450        0     1                 $d
           8b470            8b470        d     1         C:\Desenvolvimento\rust_minix\target\aarch64-unknown-none\release\deps\rust_minix-929e3d914c9cbd4c.rust_minix.ec9d816fc1ca2df8-cgu.0.rcgu.o:(.rodata..Lanon.fa6beeace7cfb8d263bb9f1143093aa2.111)
           8b470            8b470        0     1                 $d
           8b480            8b480       20     8         C:\Desenvolvimento\rust_minix\target\aarch64-unknown-none\release\deps\rust_minix-929e3d914c9cbd4c.rust_minix.ec9d816fc1ca2df8-cgu.0.rcgu.o:(.rodata..Lanon.fa6beeace7cfb8d263bb9f1143093aa2.112)
           8b480            8b480        0     1                 $d
           8b4a0            8b4a0       13     1         C:\Desenvolvimento\rust_minix\target\aarch64-unknown-none\release\deps\rust_minix-929e3d914c9cbd4c.rust_minix.ec9d816fc1ca2df8-cgu.0.rcgu.o:(.rodata..Lanon.fa6beeace7cfb8d263bb9f1143093aa2.113)
           8b4a0            8b4a0        0     1                 $d
           8b4b8            8b4b8       20     8         C:\Desenvolvimento\rust_minix\target\aarch64-unknown-none\release\deps\rust_minix-929e3d914c9cbd4c.rust_minix.ec9d816fc1ca2df8-cgu.0.rcgu.o:(.rodata..Lanon.fa6beeace7cfb8d263bb9f1143093aa2.114)
           8b4b8            8b4b8        0     1                 $d
           8b4d8            8b4d8       1a     1         C:\Desenvolvimento\rust_minix\target\aarch64-unknown-none\release\deps\rust_minix-929e3d914c9cbd4c.rust_minix.ec9d816fc1ca2df8-cgu.0.rcgu.o:(.rodata..Lanon.fa6beeace7cfb8d263bb9f1143093aa2.115)
           8b4d8            8b4d8        0     1                 $d
           8b4f8            8b4f8       20     8         C:\Desenvolvimento\rust_minix\target\aarch64-unknown-none\release\deps\rust_minix-929e3d914c9cbd4c.rust_minix.ec9d816fc1ca2df8-cgu.0.rcgu.o:(.rodata..Lanon.fa6beeace7cfb8d263bb9f1143093aa2.116)
           8b4f8            8b4f8        0     1                 $d
           8b518            8b518       11     1         C:\Desenvolvimento\rust_minix\target\aarch64-unknown-none\release\deps\rust_minix-929e3d914c9cbd4c.rust_minix.ec9d816fc1ca2df8-cgu.0.rcgu.o:(.rodata..Lanon.fa6beeace7cfb8d263bb9f1143093aa2.117)
           8b518            8b518        0     1                 $d
           8b530            8b530       20     8         C:\Desenvolvimento\rust_minix\target\aarch64-unknown-none\release\deps\rust_minix-929e3d914c9cbd4c.rust_minix.ec9d816fc1ca2df8-cgu.0.rcgu.o:(.rodata..Lanon.fa6beeace7cfb8d263bb9f1143093aa2.118)
           8b530            8b530        0     1                 $d
           8b550            8b550        c     1         C:\Desenvolvimento\rust_minix\target\aarch64-unknown-none\release\deps\rust_minix-929e3d914c9cbd4c.rust_minix.ec9d816fc1ca2df8-cgu.0.rcgu.o:(.rodata..Lanon.fa6beeace7cfb8d263bb9f1143093aa2.119)
           8b550            8b550        0     1                 $d
           8b560            8b560       20     8         C:\Desenvolvimento\rust_minix\target\aarch64-unknown-none\release\deps\rust_minix-929e3d914c9cbd4c.rust_minix.ec9d816fc1ca2df8-cgu.0.rcgu.o:(.rodata..Lanon.fa6beeace7cfb8d263bb9f1143093aa2.120)
           8b560            8b560        0     1                 $d
           8b580            8b580       18     8         C:\Desenvolvimento\rust_minix\target\aarch64-unknown-none\release\deps\rust_minix-929e3d914c9cbd4c.rust_minix.ec9d816fc1ca2df8-cgu.0.rcgu.o:(.rodata..Lanon.fa6beeace7cfb8d263bb9f1143093aa2.121)
           8b580            8b580        0     1                 $d
           8b598            8b598        9     1         C:\Desenvolvimento\rust_minix\target\aarch64-unknown-none\release\deps\rust_minix-929e3d914c9cbd4c.rust_minix.ec9d816fc1ca2df8-cgu.0.rcgu.o:(.rodata..Lanon.fa6beeace7cfb8d263bb9f1143093aa2.122)
           8b598            8b598        0     1                 $d
           8b5a8            8b5a8       20     8         C:\Desenvolvimento\rust_minix\target\aarch64-unknown-none\release\deps\rust_minix-929e3d914c9cbd4c.rust_minix.ec9d816fc1ca2df8-cgu.0.rcgu.o:(.rodata..Lanon.fa6beeace7cfb8d263bb9f1143093aa2.123)
           8b5a8            8b5a8        0     1                 $d
           8b5c8            8b5c8       17     1         C:\Desenvolvimento\rust_minix\target\aarch64-unknown-none\release\deps\rust_minix-929e3d914c9cbd4c.rust_minix.ec9d816fc1ca2df8-cgu.0.rcgu.o:(.rodata..Lanon.fa6beeace7cfb8d263bb9f1143093aa2.125)
           8b5c8            8b5c8        0     1                 $d
           8b5e0            8b5e0       20     8         C:\Desenvolvimento\rust_minix\target\aarch64-unknown-none\release\deps\rust_minix-929e3d914c9cbd4c.rust_minix.ec9d816fc1ca2df8-cgu.0.rcgu.o:(.rodata..Lanon.fa6beeace7cfb8d263bb9f1143093aa2.126)
           8b5e0            8b5e0        0     1                 $d
           8b600            8b600       1d     1         C:\Desenvolvimento\rust_minix\target\aarch64-unknown-none\release\deps\rust_minix-929e3d914c9cbd4c.rust_minix.ec9d816fc1ca2df8-cgu.0.rcgu.o:(.rodata..Lanon.fa6beeace7cfb8d263bb9f1143093aa2.127)
           8b600            8b600        0     1                 $d
           8b620            8b620       10     8         C:\Desenvolvimento\rust_minix\target\aarch64-unknown-none\release\deps\rust_minix-929e3d914c9cbd4c.rust_minix.ec9d816fc1ca2df8-cgu.0.rcgu.o:(.rodata..Lanon.fa6beeace7cfb8d263bb9f1143093aa2.128)
           8b620            8b620        0     1                 $d
           8b630            8b630       1a     1         C:\Desenvolvimento\rust_minix\target\aarch64-unknown-none\release\deps\rust_minix-929e3d914c9cbd4c.rust_minix.ec9d816fc1ca2df8-cgu.0.rcgu.o:(.rodata..Lanon.fa6beeace7cfb8d263bb9f1143093aa2.129)
           8b630            8b630        0     1                 $d
           8b650            8b650       10     8         C:\Desenvolvimento\rust_minix\target\aarch64-unknown-none\release\deps\rust_minix-929e3d914c9cbd4c.rust_minix.ec9d816fc1ca2df8-cgu.0.rcgu.o:(.rodata..Lanon.fa6beeace7cfb8d263bb9f1143093aa2.130)
           8b650            8b650        0     1                 $d
           8b660            8b660       29     1         C:\Desenvolvimento\rust_minix\target\aarch64-unknown-none\release\deps\rust_minix-929e3d914c9cbd4c.rust_minix.ec9d816fc1ca2df8-cgu.0.rcgu.o:(.rodata..Lanon.fa6beeace7cfb8d263bb9f1143093aa2.131)
           8b660            8b660        0     1                 $d
           8b690            8b690       10     8         C:\Desenvolvimento\rust_minix\target\aarch64-unknown-none\release\deps\rust_minix-929e3d914c9cbd4c.rust_minix.ec9d816fc1ca2df8-cgu.0.rcgu.o:(.rodata..Lanon.fa6beeace7cfb8d263bb9f1143093aa2.132)
           8b690            8b690        0     1                 $d
           8b6a0            8b6a0       21     1         C:\Desenvolvimento\rust_minix\target\aarch64-unknown-none\release\deps\rust_minix-929e3d914c9cbd4c.rust_minix.ec9d816fc1ca2df8-cgu.0.rcgu.o:(.rodata..Lanon.fa6beeace7cfb8d263bb9f1143093aa2.133)
           8b6a0            8b6a0        0     1                 $d
           8b6c8            8b6c8       10     8         C:\Desenvolvimento\rust_minix\target\aarch64-unknown-none\release\deps\rust_minix-929e3d914c9cbd4c.rust_minix.ec9d816fc1ca2df8-cgu.0.rcgu.o:(.rodata..Lanon.fa6beeace7cfb8d263bb9f1143093aa2.134)
           8b6c8            8b6c8        0     1                 $d
           8b6d8            8b6d8       18     8         C:\Desenvolvimento\rust_minix\target\aarch64-unknown-none\release\deps\rust_minix-929e3d914c9cbd4c.rust_minix.ec9d816fc1ca2df8-cgu.0.rcgu.o:(.rodata..Lanon.fa6beeace7cfb8d263bb9f1143093aa2.135)
           8b6d8            8b6d8        0     1                 $d
           8b6f0            8b6f0        e     1         C:\Desenvolvimento\rust_minix\target\aarch64-unknown-none\release\deps\rust_minix-929e3d914c9cbd4c.rust_minix.ec9d816fc1ca2df8-cgu.0.rcgu.o:(.rodata..Lanon.fa6beeace7cfb8d263bb9f1143093aa2.136)
           8b6f0            8b6f0        0     1                 $d
           8b6fe            8b6fe       15     1         C:\Desenvolvimento\rust_minix\target\aarch64-unknown-none\release\deps\rust_minix-929e3d914c9cbd4c.rust_minix.ec9d816fc1ca2df8-cgu.0.rcgu.o:(.rodata..Lanon.fa6beeace7cfb8d263bb9f1143093aa2.137)
           8b6fe            8b6fe        0     1                 $d
           8b718            8b718       20     8         C:\Desenvolvimento\rust_minix\target\aarch64-unknown-none\release\deps\rust_minix-929e3d914c9cbd4c.rust_minix.ec9d816fc1ca2df8-cgu.0.rcgu.o:(.rodata..Lanon.fa6beeace7cfb8d263bb9f1143093aa2.138)
           8b718            8b718        0     1                 $d
           8b738            8b738       15     1         C:\Desenvolvimento\rust_minix\target\aarch64-unknown-none\release\deps\rust_minix-929e3d914c9cbd4c.rust_minix.ec9d816fc1ca2df8-cgu.0.rcgu.o:(.rodata..Lanon.fa6beeace7cfb8d263bb9f1143093aa2.139)
           8b738            8b738        0     1                 $d
           8b750            8b750       20     8         C:\Desenvolvimento\rust_minix\target\aarch64-unknown-none\release\deps\rust_minix-929e3d914c9cbd4c.rust_minix.ec9d816fc1ca2df8-cgu.0.rcgu.o:(.rodata..Lanon.fa6beeace7cfb8d263bb9f1143093aa2.140)
           8b750            8b750        0     1                 $d
           8b770            8b770       19     1         C:\Desenvolvimento\rust_minix\target\aarch64-unknown-none\release\deps\rust_minix-929e3d914c9cbd4c.rust_minix.ec9d816fc1ca2df8-cgu.0.rcgu.o:(.rodata..Lanon.fa6beeace7cfb8d263bb9f1143093aa2.141)
           8b770            8b770        0     1                 $d
           8b790            8b790       10     8         C:\Desenvolvimento\rust_minix\target\aarch64-unknown-none\release\deps\rust_minix-929e3d914c9cbd4c.rust_minix.ec9d816fc1ca2df8-cgu.0.rcgu.o:(.rodata..Lanon.fa6beeace7cfb8d263bb9f1143093aa2.142)
           8b790            8b790        0     1                 $d
           8b7a0            8b7a0        e     1         C:\Desenvolvimento\rust_minix\target\aarch64-unknown-none\release\deps\rust_minix-929e3d914c9cbd4c.rust_minix.ec9d816fc1ca2df8-cgu.0.rcgu.o:(.rodata..Lanon.fa6beeace7cfb8d263bb9f1143093aa2.143)
           8b7a0            8b7a0        0     1                 $d
           8b7b0            8b7b0       20     8         C:\Desenvolvimento\rust_minix\target\aarch64-unknown-none\release\deps\rust_minix-929e3d914c9cbd4c.rust_minix.ec9d816fc1ca2df8-cgu.0.rcgu.o:(.rodata..Lanon.fa6beeace7cfb8d263bb9f1143093aa2.144)
           8b7b0            8b7b0        0     1                 $d
           8b7d0            8b7d0       13     1         C:\Desenvolvimento\rust_minix\target\aarch64-unknown-none\release\deps\rust_minix-929e3d914c9cbd4c.rust_minix.ec9d816fc1ca2df8-cgu.0.rcgu.o:(.rodata..Lanon.fa6beeace7cfb8d263bb9f1143093aa2.145)
           8b7d0            8b7d0        0     1                 $d
           8b7e8            8b7e8       10     8         C:\Desenvolvimento\rust_minix\target\aarch64-unknown-none\release\deps\rust_minix-929e3d914c9cbd4c.rust_minix.ec9d816fc1ca2df8-cgu.0.rcgu.o:(.rodata..Lanon.fa6beeace7cfb8d263bb9f1143093aa2.146)
           8b7e8            8b7e8        0     1                 $d
           8b7f8            8b7f8       11     1         C:\Desenvolvimento\rust_minix\target\aarch64-unknown-none\release\deps\rust_minix-929e3d914c9cbd4c.rust_minix.ec9d816fc1ca2df8-cgu.0.rcgu.o:(.rodata..Lanon.fa6beeace7cfb8d263bb9f1143093aa2.147)
           8b7f8            8b7f8        0     1                 $d
           8b810            8b810       10     8         C:\Desenvolvimento\rust_minix\target\aarch64-unknown-none\release\deps\rust_minix-929e3d914c9cbd4c.rust_minix.ec9d816fc1ca2df8-cgu.0.rcgu.o:(.rodata..Lanon.fa6beeace7cfb8d263bb9f1143093aa2.148)
           8b810            8b810        0     1                 $d
           8b820            8b820       18     1         C:\Desenvolvimento\rust_minix\target\aarch64-unknown-none\release\deps\rust_minix-929e3d914c9cbd4c.rust_minix.ec9d816fc1ca2df8-cgu.0.rcgu.o:(.rodata..Lanon.fa6beeace7cfb8d263bb9f1143093aa2.149)
           8b820            8b820        0     1                 $d
           8b838            8b838       10     8         C:\Desenvolvimento\rust_minix\target\aarch64-unknown-none\release\deps\rust_minix-929e3d914c9cbd4c.rust_minix.ec9d816fc1ca2df8-cgu.0.rcgu.o:(.rodata..Lanon.fa6beeace7cfb8d263bb9f1143093aa2.150)
           8b838            8b838        0     1                 $d
           8b848            8b848       18     8         C:\Desenvolvimento\rust_minix\target\aarch64-unknown-none\release\deps\rust_minix-929e3d914c9cbd4c.rust_minix.ec9d816fc1ca2df8-cgu.0.rcgu.o:(.rodata..Lanon.fa6beeace7cfb8d263bb9f1143093aa2.151)
           8b848            8b848        0     1                 $d
           8b860            8b860        7     1         C:\Desenvolvimento\rust_minix\target\aarch64-unknown-none\release\deps\rust_minix-929e3d914c9cbd4c.rust_minix.ec9d816fc1ca2df8-cgu.0.rcgu.o:(.rodata..Lanon.fa6beeace7cfb8d263bb9f1143093aa2.152)
           8b860            8b860        0     1                 $d
           8b867            8b867        9     1         C:\Desenvolvimento\rust_minix\target\aarch64-unknown-none\release\deps\rust_minix-929e3d914c9cbd4c.rust_minix.ec9d816fc1ca2df8-cgu.0.rcgu.o:(.rodata..Lanon.fa6beeace7cfb8d263bb9f1143093aa2.153)
           8b867            8b867        0     1                 $d
           8b870            8b870       20     8         C:\Desenvolvimento\rust_minix\target\aarch64-unknown-none\release\deps\rust_minix-929e3d914c9cbd4c.rust_minix.ec9d816fc1ca2df8-cgu.0.rcgu.o:(.rodata..Lanon.fa6beeace7cfb8d263bb9f1143093aa2.154)
           8b870            8b870        0     1                 $d
           8b890            8b890       16     1         C:\Desenvolvimento\rust_minix\target\aarch64-unknown-none\release\deps\rust_minix-929e3d914c9cbd4c.rust_minix.ec9d816fc1ca2df8-cgu.0.rcgu.o:(.rodata..Lanon.fa6beeace7cfb8d263bb9f1143093aa2.155)
           8b890            8b890        0     1                 $d
           8b8a6            8b8a6        b     1         C:\Desenvolvimento\rust_minix\target\aarch64-unknown-none\release\deps\rust_minix-929e3d914c9cbd4c.rust_minix.ec9d816fc1ca2df8-cgu.0.rcgu.o:(.rodata..Lanon.fa6beeace7cfb8d263bb9f1143093aa2.156)
           8b8a6            8b8a6        0     1                 $d
           8b8b8            8b8b8       30     8         C:\Desenvolvimento\rust_minix\target\aarch64-unknown-none\release\deps\rust_minix-929e3d914c9cbd4c.rust_minix.ec9d816fc1ca2df8-cgu.0.rcgu.o:(.rodata..Lanon.fa6beeace7cfb8d263bb9f1143093aa2.157)
           8b8b8            8b8b8        0     1                 $d
           8b8e8            8b8e8       18     1         C:\Desenvolvimento\rust_minix\target\aarch64-unknown-none\release\deps\rust_minix-929e3d914c9cbd4c.rust_minix.ec9d816fc1ca2df8-cgu.0.rcgu.o:(.rodata..Lanon.fa6beeace7cfb8d263bb9f1143093aa2.158)
           8b8e8            8b8e8        0     1                 $d
           8b900            8b900       30     8         C:\Desenvolvimento\rust_minix\target\aarch64-unknown-none\release\deps\rust_minix-929e3d914c9cbd4c.rust_minix.ec9d816fc1ca2df8-cgu.0.rcgu.o:(.rodata..Lanon.fa6beeace7cfb8d263bb9f1143093aa2.159)
           8b900            8b900        0     1                 $d
           8b930            8b930       1a     1         C:\Desenvolvimento\rust_minix\target\aarch64-unknown-none\release\deps\rust_minix-929e3d914c9cbd4c.rust_minix.ec9d816fc1ca2df8-cgu.0.rcgu.o:(.rodata..Lanon.fa6beeace7cfb8d263bb9f1143093aa2.160)
           8b930            8b930        0     1                 $d
           8b94a            8b94a        6     1         C:\Desenvolvimento\rust_minix\target\aarch64-unknown-none\release\deps\rust_minix-929e3d914c9cbd4c.rust_minix.ec9d816fc1ca2df8-cgu.0.rcgu.o:(.rodata..Lanon.fa6beeace7cfb8d263bb9f1143093aa2.161)
           8b94a            8b94a        0     1                 $d
           8b950            8b950       20     8         C:\Desenvolvimento\rust_minix\target\aarch64-unknown-none\release\deps\rust_minix-929e3d914c9cbd4c.rust_minix.ec9d816fc1ca2df8-cgu.0.rcgu.o:(.rodata..Lanon.fa6beeace7cfb8d263bb9f1143093aa2.162)
           8b950            8b950        0     1                 $d
           8b970            8b970       12     1         C:\Desenvolvimento\rust_minix\target\aarch64-unknown-none\release\deps\rust_minix-929e3d914c9cbd4c.rust_minix.ec9d816fc1ca2df8-cgu.0.rcgu.o:(.rodata..Lanon.fa6beeace7cfb8d263bb9f1143093aa2.163)
           8b970            8b970        0     1                 $d
           8b988            8b988       10     8         C:\Desenvolvimento\rust_minix\target\aarch64-unknown-none\release\deps\rust_minix-929e3d914c9cbd4c.rust_minix.ec9d816fc1ca2df8-cgu.0.rcgu.o:(.rodata..Lanon.fa6beeace7cfb8d263bb9f1143093aa2.164)
           8b988            8b988        0     1                 $d
           8b998            8b998       18     8         C:\Desenvolvimento\rust_minix\target\aarch64-unknown-none\release\deps\rust_minix-929e3d914c9cbd4c.rust_minix.ec9d816fc1ca2df8-cgu.0.rcgu.o:(.rodata..Lanon.fa6beeace7cfb8d263bb9f1143093aa2.165)
           8b998            8b998        0     1                 $d
           8b9b0            8b9b0        b     1         C:\Desenvolvimento\rust_minix\target\aarch64-unknown-none\release\deps\rust_minix-929e3d914c9cbd4c.rust_minix.ec9d816fc1ca2df8-cgu.0.rcgu.o:(.rodata..Lanon.fa6beeace7cfb8d263bb9f1143093aa2.166)
           8b9b0            8b9b0        0     1                 $d
           8b9bb            8b9bb        d     1         C:\Desenvolvimento\rust_minix\target\aarch64-unknown-none\release\deps\rust_minix-929e3d914c9cbd4c.rust_minix.ec9d816fc1ca2df8-cgu.0.rcgu.o:(.rodata..Lanon.fa6beeace7cfb8d263bb9f1143093aa2.167)
           8b9bb            8b9bb        0     1                 $d
           8b9c8            8b9c8        1     1         C:\Desenvolvimento\rust_minix\target\aarch64-unknown-none\release\deps\rust_minix-929e3d914c9cbd4c.rust_minix.ec9d816fc1ca2df8-cgu.0.rcgu.o:(.rodata..Lanon.fa6beeace7cfb8d263bb9f1143093aa2.168)
           8b9c8            8b9c8        0     1                 $d
           8b9d0            8b9d0       40     8         C:\Desenvolvimento\rust_minix\target\aarch64-unknown-none\release\deps\rust_minix-929e3d914c9cbd4c.rust_minix.ec9d816fc1ca2df8-cgu.0.rcgu.o:(.rodata..Lanon.fa6beeace7cfb8d263bb9f1143093aa2.169)
           8b9d0            8b9d0        0     1                 $d
           8ba10            8ba10       19     1         C:\Desenvolvimento\rust_minix\target\aarch64-unknown-none\release\deps\rust_minix-929e3d914c9cbd4c.rust_minix.ec9d816fc1ca2df8-cgu.0.rcgu.o:(.rodata..Lanon.fa6beeace7cfb8d263bb9f1143093aa2.170)
           8ba10            8ba10        0     1                 $d
           8ba30            8ba30       20     8         C:\Desenvolvimento\rust_minix\target\aarch64-unknown-none\release\deps\rust_minix-929e3d914c9cbd4c.rust_minix.ec9d816fc1ca2df8-cgu.0.rcgu.o:(.rodata..Lanon.fa6beeace7cfb8d263bb9f1143093aa2.171)
           8ba30            8ba30        0     1                 $d
           8ba50            8ba50       2c     1         C:\Desenvolvimento\rust_minix\target\aarch64-unknown-none\release\deps\rust_minix-929e3d914c9cbd4c.rust_minix.ec9d816fc1ca2df8-cgu.0.rcgu.o:(.rodata..Lanon.fa6beeace7cfb8d263bb9f1143093aa2.172)
           8ba50            8ba50        0     1                 $d
           8ba80            8ba80       10     8         C:\Desenvolvimento\rust_minix\target\aarch64-unknown-none\release\deps\rust_minix-929e3d914c9cbd4c.rust_minix.ec9d816fc1ca2df8-cgu.0.rcgu.o:(.rodata..Lanon.fa6beeace7cfb8d263bb9f1143093aa2.173)
           8ba80            8ba80        0     1                 $d
           8ba90            8ba90       10     8         C:\Desenvolvimento\rust_minix\target\aarch64-unknown-none\release\deps\rust_minix-929e3d914c9cbd4c.rust_minix.ec9d816fc1ca2df8-cgu.0.rcgu.o:(.rodata..Lanon.fa6beeace7cfb8d263bb9f1143093aa2.175)
           8ba90            8ba90        0     1                 $d
           8baa0            8baa0       12     1         C:\Desenvolvimento\rust_minix\target\aarch64-unknown-none\release\deps\rust_minix-929e3d914c9cbd4c.rust_minix.ec9d816fc1ca2df8-cgu.0.rcgu.o:(.rodata..Lanon.fa6beeace7cfb8d263bb9f1143093aa2.176)
           8baa0            8baa0        0     1                 $d
           8bab8            8bab8       10     8         C:\Desenvolvimento\rust_minix\target\aarch64-unknown-none\release\deps\rust_minix-929e3d914c9cbd4c.rust_minix.ec9d816fc1ca2df8-cgu.0.rcgu.o:(.rodata..Lanon.fa6beeace7cfb8d263bb9f1143093aa2.177)
           8bab8            8bab8        0     1                 $d
           8bac8            8bac8       11     1         C:\Desenvolvimento\rust_minix\target\aarch64-unknown-none\release\deps\rust_minix-929e3d914c9cbd4c.rust_minix.ec9d816fc1ca2df8-cgu.0.rcgu.o:(.rodata..Lanon.fa6beeace7cfb8d263bb9f1143093aa2.178)
           8bac8            8bac8        0     1                 $d
           8bae0            8bae0       10     8         C:\Desenvolvimento\rust_minix\target\aarch64-unknown-none\release\deps\rust_minix-929e3d914c9cbd4c.rust_minix.ec9d816fc1ca2df8-cgu.0.rcgu.o:(.rodata..Lanon.fa6beeace7cfb8d263bb9f1143093aa2.179)
           8bae0            8bae0        0     1                 $d
           8baf0            8baf0       13     1         C:\Desenvolvimento\rust_minix\target\aarch64-unknown-none\release\deps\rust_minix-929e3d914c9cbd4c.rust_minix.ec9d816fc1ca2df8-cgu.0.rcgu.o:(.rodata..Lanon.fa6beeace7cfb8d263bb9f1143093aa2.180)
           8baf0            8baf0        0     1                 $d
           8bb08            8bb08       10     8         C:\Desenvolvimento\rust_minix\target\aarch64-unknown-none\release\deps\rust_minix-929e3d914c9cbd4c.rust_minix.ec9d816fc1ca2df8-cgu.0.rcgu.o:(.rodata..Lanon.fa6beeace7cfb8d263bb9f1143093aa2.181)
           8bb08            8bb08        0     1                 $d
           8bb18            8bb18       25     1         C:\Desenvolvimento\rust_minix\target\aarch64-unknown-none\release\deps\rust_minix-929e3d914c9cbd4c.rust_minix.ec9d816fc1ca2df8-cgu.0.rcgu.o:(.rodata..Lanon.fa6beeace7cfb8d263bb9f1143093aa2.182)
           8bb18            8bb18        0     1                 $d
           8bb3d            8bb3d        3     1         C:\Desenvolvimento\rust_minix\target\aarch64-unknown-none\release\deps\rust_minix-929e3d914c9cbd4c.rust_minix.ec9d816fc1ca2df8-cgu.0.rcgu.o:(.rodata..Lanon.fa6beeace7cfb8d263bb9f1143093aa2.183)
           8bb3d            8bb3d        0     1                 $d
           8bb40            8bb40       20     8         C:\Desenvolvimento\rust_minix\target\aarch64-unknown-none\release\deps\rust_minix-929e3d914c9cbd4c.rust_minix.ec9d816fc1ca2df8-cgu.0.rcgu.o:(.rodata..Lanon.fa6beeace7cfb8d263bb9f1143093aa2.184)
           8bb40            8bb40        0     1                 $d
           8bb60            8bb60       22     1         C:\Desenvolvimento\rust_minix\target\aarch64-unknown-none\release\deps\rust_minix-929e3d914c9cbd4c.rust_minix.ec9d816fc1ca2df8-cgu.0.rcgu.o:(.rodata..Lanon.fa6beeace7cfb8d263bb9f1143093aa2.185)
           8bb60            8bb60        0     1                 $d
           8bb88            8bb88       10     8         C:\Desenvolvimento\rust_minix\target\aarch64-unknown-none\release\deps\rust_minix-929e3d914c9cbd4c.rust_minix.ec9d816fc1ca2df8-cgu.0.rcgu.o:(.rodata..Lanon.fa6beeace7cfb8d263bb9f1143093aa2.186)
           8bb88            8bb88        0     1                 $d
[...]
           8c250            8c250       20     8         C:\Desenvolvimento\rust_minix\target\aarch64-unknown-none\release\deps\rust_minix-929e3d914c9cbd4c.rust_minix.ec9d816fc1ca2df8-cgu.0.rcgu.o:(.rodata..Lanon.fa6beeace7cfb8d263bb9f1143093aa2.276)
           8c250            8c250        0     1                 $d
           8c270            8c270       1b     1         C:\Desenvolvimento\rust_minix\target\aarch64-unknown-none\release\deps\rust_minix-929e3d914c9cbd4c.rust_minix.ec9d816fc1ca2df8-cgu.0.rcgu.o:(.rodata..Lanon.fa6beeace7cfb8d263bb9f1143093aa2.277)
           8c270            8c270        0     1                 $d
           8c290            8c290       10     8         C:\Desenvolvimento\rust_minix\target\aarch64-unknown-none\release\deps\rust_minix-929e3d914c9cbd4c.rust_minix.ec9d816fc1ca2df8-cgu.0.rcgu.o:(.rodata..Lanon.fa6beeace7cfb8d263bb9f1143093aa2.278)
           8c290            8c290        0     1                 $d
           8c2a0            8c2a0       12     1         C:\Desenvolvimento\rust_minix\target\aarch64-unknown-none\release\deps\rust_minix-929e3d914c9cbd4c.rust_minix.ec9d816fc1ca2df8-cgu.0.rcgu.o:(.rodata..Lanon.fa6beeace7cfb8d263bb9f1143093aa2.279)
           8c2a0            8c2a0        0     1                 $d
           8c2b8            8c2b8       10     8         C:\Desenvolvimento\rust_minix\target\aarch64-unknown-none\release\deps\rust_minix-929e3d914c9cbd4c.rust_minix.ec9d816fc1ca2df8-cgu.0.rcgu.o:(.rodata..Lanon.fa6beeace7cfb8d263bb9f1143093aa2.280)
           8c2b8            8c2b8        0     1                 $d
           8c2c8            8c2c8       19     1         C:\Desenvolvimento\rust_minix\target\aarch64-unknown-none\release\deps\rust_minix-929e3d914c9cbd4c.rust_minix.ec9d816fc1ca2df8-cgu.0.rcgu.o:(.rodata..Lanon.fa6beeace7cfb8d263bb9f1143093aa2.281)
           8c2c8            8c2c8        0     1                 $d
           8c2e8            8c2e8       10     8         C:\Desenvolvimento\rust_minix\target\aarch64-unknown-none\release\deps\rust_minix-929e3d914c9cbd4c.rust_minix.ec9d816fc1ca2df8-cgu.0.rcgu.o:(.rodata..Lanon.fa6beeace7cfb8d263bb9f1143093aa2.282)
           8c2e8            8c2e8        0     1                 $d
           8c2f8            8c2f8       1c     1         C:\Desenvolvimento\rust_minix\target\aarch64-unknown-none\release\deps\rust_minix-929e3d914c9cbd4c.rust_minix.ec9d816fc1ca2df8-cgu.0.rcgu.o:(.rodata..Lanon.fa6beeace7cfb8d263bb9f1143093aa2.283)
           8c2f8            8c2f8        0     1                 $d
           8c318            8c318       10     8         C:\Desenvolvimento\rust_minix\target\aarch64-unknown-none\release\deps\rust_minix-929e3d914c9cbd4c.rust_minix.ec9d816fc1ca2df8-cgu.0.rcgu.o:(.rodata..Lanon.fa6beeace7cfb8d263bb9f1143093aa2.284)
           8c318            8c318        0     1                 $d
           8c328            8c328        9     1         C:\Desenvolvimento\rust_minix\target\aarch64-unknown-none\release\deps\rust_minix-929e3d914c9cbd4c.rust_minix.ec9d816fc1ca2df8-cgu.0.rcgu.o:(.rodata..Lanon.fa6beeace7cfb8d263bb9f1143093aa2.285)
           8c328            8c328        0     1                 $d
           8c331            8c331        f     1         C:\Desenvolvimento\rust_minix\target\aarch64-unknown-none\release\deps\rust_minix-929e3d914c9cbd4c.rust_minix.ec9d816fc1ca2df8-cgu.0.rcgu.o:(.rodata..Lanon.fa6beeace7cfb8d263bb9f1143093aa2.286)
           8c331            8c331        0     1                 $d
           8c340            8c340       12     1         C:\Desenvolvimento\rust_minix\target\aarch64-unknown-none\release\deps\rust_minix-929e3d914c9cbd4c.rust_minix.ec9d816fc1ca2df8-cgu.0.rcgu.o:(.rodata..Lanon.fa6beeace7cfb8d263bb9f1143093aa2.287)
           8c340            8c340        0     1                 $d
           8c358            8c358       30     8         C:\Desenvolvimento\rust_minix\target\aarch64-unknown-none\release\deps\rust_minix-929e3d914c9cbd4c.rust_minix.ec9d816fc1ca2df8-cgu.0.rcgu.o:(.rodata..Lanon.fa6beeace7cfb8d263bb9f1143093aa2.288)
           8c358            8c358        0     1                 $d
           8c388            8c388       30     1         C:\Desenvolvimento\rust_minix\target\aarch64-unknown-none\release\deps\rust_minix-929e3d914c9cbd4c.rust_minix.ec9d816fc1ca2df8-cgu.0.rcgu.o:(.rodata..Lanon.fa6beeace7cfb8d263bb9f1143093aa2.289)
           8c388            8c388        0     1                 $d
           8c3b8            8c3b8       10     8         C:\Desenvolvimento\rust_minix\target\aarch64-unknown-none\release\deps\rust_minix-929e3d914c9cbd4c.rust_minix.ec9d816fc1ca2df8-cgu.0.rcgu.o:(.rodata..Lanon.fa6beeace7cfb8d263bb9f1143093aa2.290)
           8c3b8            8c3b8        0     1                 $d
           8c3c8            8c3c8       2c     1         C:\Desenvolvimento\rust_minix\target\aarch64-unknown-none\release\deps\rust_minix-929e3d914c9cbd4c.rust_minix.ec9d816fc1ca2df8-cgu.0.rcgu.o:(.rodata..Lanon.fa6beeace7cfb8d263bb9f1143093aa2.291)
           8c3c8            8c3c8        0     1                 $d
           8c3f8            8c3f8       10     8         C:\Desenvolvimento\rust_minix\target\aarch64-unknown-none\release\deps\rust_minix-929e3d914c9cbd4c.rust_minix.ec9d816fc1ca2df8-cgu.0.rcgu.o:(.rodata..Lanon.fa6beeace7cfb8d263bb9f1143093aa2.292)
           8c3f8            8c3f8        0     1                 $d
           8c408            8c408       2d     1         C:\Desenvolvimento\rust_minix\target\aarch64-unknown-none\release\deps\rust_minix-929e3d914c9cbd4c.rust_minix.ec9d816fc1ca2df8-cgu.0.rcgu.o:(.rodata..Lanon.fa6beeace7cfb8d263bb9f1143093aa2.293)
           8c408            8c408        0     1                 $d
           8c438            8c438       10     8         C:\Desenvolvimento\rust_minix\target\aarch64-unknown-none\release\deps\rust_minix-929e3d914c9cbd4c.rust_minix.ec9d816fc1ca2df8-cgu.0.rcgu.o:(.rodata..Lanon.fa6beeace7cfb8d263bb9f1143093aa2.294)
           8c438            8c438        0     1                 $d
           8c448            8c448       25     1         C:\Desenvolvimento\rust_minix\target\aarch64-unknown-none\release\deps\rust_minix-929e3d914c9cbd4c.rust_minix.ec9d816fc1ca2df8-cgu.0.rcgu.o:(.rodata..Lanon.fa6beeace7cfb8d263bb9f1143093aa2.295)
           8c448            8c448        0     1                 $d
           8c470            8c470       10     8         C:\Desenvolvimento\rust_minix\target\aarch64-unknown-none\release\deps\rust_minix-929e3d914c9cbd4c.rust_minix.ec9d816fc1ca2df8-cgu.0.rcgu.o:(.rodata..Lanon.fa6beeace7cfb8d263bb9f1143093aa2.296)
           8c470            8c470        0     1                 $d
           8c480            8c480       16     1         C:\Desenvolvimento\rust_minix\target\aarch64-unknown-none\release\deps\rust_minix-929e3d914c9cbd4c.rust_minix.ec9d816fc1ca2df8-cgu.0.rcgu.o:(.rodata..Lanon.fa6beeace7cfb8d263bb9f1143093aa2.297)
           8c480            8c480        0     1                 $d
           8c496            8c496        3     1         C:\Desenvolvimento\rust_minix\target\aarch64-unknown-none\release\deps\rust_minix-929e3d914c9cbd4c.rust_minix.ec9d816fc1ca2df8-cgu.0.rcgu.o:(.rodata..Lanon.fa6beeace7cfb8d263bb9f1143093aa2.298)
           8c496            8c496        0     1                 $d
           8c499            8c499        1     1         C:\Desenvolvimento\rust_minix\target\aarch64-unknown-none\release\deps\rust_minix-929e3d914c9cbd4c.rust_minix.ec9d816fc1ca2df8-cgu.0.rcgu.o:(.rodata..Lanon.fa6beeace7cfb8d263bb9f1143093aa2.299)
           8c499            8c499        0     1                 $d
           8c4a0            8c4a0       50     8         C:\Desenvolvimento\rust_minix\target\aarch64-unknown-none\release\deps\rust_minix-929e3d914c9cbd4c.rust_minix.ec9d816fc1ca2df8-cgu.0.rcgu.o:(.rodata..Lanon.fa6beeace7cfb8d263bb9f1143093aa2.300)
           8c4a0            8c4a0        0     1                 $d
           8c4f0            8c4f0       2f     1         C:\Desenvolvimento\rust_minix\target\aarch64-unknown-none\release\deps\rust_minix-929e3d914c9cbd4c.rust_minix.ec9d816fc1ca2df8-cgu.0.rcgu.o:(.rodata..Lanon.fa6beeace7cfb8d263bb9f1143093aa2.301)
           8c4f0            8c4f0        0     1                 $d
           8c520            8c520       10     8         C:\Desenvolvimento\rust_minix\target\aarch64-unknown-none\release\deps\rust_minix-929e3d914c9cbd4c.rust_minix.ec9d816fc1ca2df8-cgu.0.rcgu.o:(.rodata..Lanon.fa6beeace7cfb8d263bb9f1143093aa2.302)
           8c520            8c520        0     1                 $d
           8c530            8c530       15     1         C:\Desenvolvimento\rust_minix\target\aarch64-unknown-none\release\deps\rust_minix-929e3d914c9cbd4c.rust_minix.ec9d816fc1ca2df8-cgu.0.rcgu.o:(.rodata..Lanon.fa6beeace7cfb8d263bb9f1143093aa2.303)
           8c530            8c530        0     1                 $d
           8c545            8c545        b     1         C:\Desenvolvimento\rust_minix\target\aarch64-unknown-none\release\deps\rust_minix-929e3d914c9cbd4c.rust_minix.ec9d816fc1ca2df8-cgu.0.rcgu.o:(.rodata..Lanon.fa6beeace7cfb8d263bb9f1143093aa2.304)
           8c545            8c545        0     1                 $d
           8c550            8c550       20     8         C:\Desenvolvimento\rust_minix\target\aarch64-unknown-none\release\deps\rust_minix-929e3d914c9cbd4c.rust_minix.ec9d816fc1ca2df8-cgu.0.rcgu.o:(.rodata..Lanon.fa6beeace7cfb8d263bb9f1143093aa2.305)
           8c550            8c550        0     1                 $d
           8c570            8c570       25     1         C:\Desenvolvimento\rust_minix\target\aarch64-unknown-none\release\deps\rust_minix-929e3d914c9cbd4c.rust_minix.ec9d816fc1ca2df8-cgu.0.rcgu.o:(.rodata..Lanon.fa6beeace7cfb8d263bb9f1143093aa2.306)
           8c570            8c570        0     1                 $d
           8c598            8c598       10     8         C:\Desenvolvimento\rust_minix\target\aarch64-unknown-none\release\deps\rust_minix-929e3d914c9cbd4c.rust_minix.ec9d816fc1ca2df8-cgu.0.rcgu.o:(.rodata..Lanon.fa6beeace7cfb8d263bb9f1143093aa2.307)
           8c598            8c598        0     1                 $d
           8c5a8            8c5a8       19     1         C:\Desenvolvimento\rust_minix\target\aarch64-unknown-none\release\deps\rust_minix-929e3d914c9cbd4c.rust_minix.ec9d816fc1ca2df8-cgu.0.rcgu.o:(.rodata..Lanon.fa6beeace7cfb8d263bb9f1143093aa2.308)
           8c5a8            8c5a8        0     1                 $d
           8c5c8            8c5c8       10     8         C:\Desenvolvimento\rust_minix\target\aarch64-unknown-none\release\deps\rust_minix-929e3d914c9cbd4c.rust_minix.ec9d816fc1ca2df8-cgu.0.rcgu.o:(.rodata..Lanon.fa6beeace7cfb8d263bb9f1143093aa2.309)
           8c5c8            8c5c8        0     1                 $d
           8c5d8            8c5d8        a     1         C:\Desenvolvimento\rust_minix\target\aarch64-unknown-none\release\deps\rust_minix-929e3d914c9cbd4c.rust_minix.ec9d816fc1ca2df8-cgu.0.rcgu.o:(.rodata..Lanon.fa6beeace7cfb8d263bb9f1143093aa2.310)
           8c5d8            8c5d8        0     1                 $d
           8c5e8            8c5e8       20     8         C:\Desenvolvimento\rust_minix\target\aarch64-unknown-none\release\deps\rust_minix-929e3d914c9cbd4c.rust_minix.ec9d816fc1ca2df8-cgu.0.rcgu.o:(.rodata..Lanon.fa6beeace7cfb8d263bb9f1143093aa2.311)
           8c5e8            8c5e8        0     1                 $d
           8c608            8c608       12     1         C:\Desenvolvimento\rust_minix\target\aarch64-unknown-none\release\deps\rust_minix-929e3d914c9cbd4c.rust_minix.ec9d816fc1ca2df8-cgu.0.rcgu.o:(.rodata..Lanon.ee2f2e59d61ad275b1370c30d7572355.229)
           8c608            8c608        0     1                 $d
           8c620            8c620       20     8         C:\Desenvolvimento\rust_minix\target\aarch64-unknown-none\release\deps\rust_minix-929e3d914c9cbd4c.rust_minix.ec9d816fc1ca2df8-cgu.0.rcgu.o:(.rodata..Lanon.ee2f2e59d61ad275b1370c30d7572355.230)
           8c620            8c620        0     1                 $d
           8c640            8c640        2     1         C:\Desenvolvimento\rust_minix\target\aarch64-unknown-none\release\deps\rust_minix-929e3d914c9cbd4c.rust_minix.ec9d816fc1ca2df8-cgu.0.rcgu.o:(.rodata..Lanon.ee2f2e59d61ad275b1370c30d7572355.295)
           8c640            8c640        0     1                 $d
           8c642            8c642       c8     1         C:\Desenvolvimento\rust_minix\target\aarch64-unknown-none\release\deps\rust_minix-929e3d914c9cbd4c.rust_minix.ec9d816fc1ca2df8-cgu.0.rcgu.o:(.rodata..Lanon.ee2f2e59d61ad275b1370c30d7572355.298)
           8c642            8c642        0     1                 $d
           8c70a            8c70a        5     1         C:\Desenvolvimento\rust_minix\target\aarch64-unknown-none\release\deps\rust_minix-929e3d914c9cbd4c.rust_minix.ec9d816fc1ca2df8-cgu.0.rcgu.o:(.rodata..Lanon.ee2f2e59d61ad275b1370c30d7572355.312)
           8c70a            8c70a        0     1                 $d
           8c70f            8c70f        4     1         <internal>:(.rodata.cst4)
           8c713            8c713        0     1         __rodata_end = .
           8c718            8c718        5     8 .data
           8c718            8c718        0     1         __data_start = .
           8c718            8c718        1     4         C:\Desenvolvimento\rust_minix\target\aarch64-unknown-none\release\deps\rust_minix-929e3d914c9cbd4c.rust_minix.ec9d816fc1ca2df8-cgu.0.rcgu.o:(.data._RNvNtNtCskjuQdWXfBxI_10rust_minix4arch9multicore12CORES_ONLINE.0)
           8c718            8c718        1     1                 rust_minix::arch::multicore::CORES_ONLINE (.0)
           8c718            8c718        0     1                 $d
           8c719            8c719        4     1         C:\Desenvolvimento\rust_minix\target\aarch64-unknown-none\release\deps\rust_minix-929e3d914c9cbd4c.rust_minix.ec9d816fc1ca2df8-cgu.0.rcgu.o:(.data._RNvNtNtCskjuQdWXfBxI_10rust_minix4arch9multicore11CORES_READY)
           8c719            8c719        4     1                 rust_minix::arch::multicore::CORES_READY
           8c719            8c719        0     1                 $d
           8c71d            8c71d        0     1         __data_end = .
           8c720            8c720       70     8 .bss
           8c720            8c720        0     1         __bss_start = .
           8c720            8c720       10     4         C:\Desenvolvimento\rust_minix\target\aarch64-unknown-none\release\deps\rust_minix-929e3d914c9cbd4c.rust_minix.ec9d816fc1ca2df8-cgu.0.rcgu.o:(.bss._RNvNtNtCskjuQdWXfBxI_10rust_minix4arch9multicore11CORE_STACKS)
           8c720            8c720       10     1                 rust_minix::arch::multicore::CORE_STACKS
           8c720            8c720        0     1                 $d
           8c730            8c730       10     4         C:\Desenvolvimento\rust_minix\target\aarch64-unknown-none\release\deps\rust_minix-929e3d914c9cbd4c.rust_minix.ec9d816fc1ca2df8-cgu.0.rcgu.o:(.bss._RNvNtNtCskjuQdWXfBxI_10rust_minix4arch9multicore13CORE_WORKLOAD)
           8c730            8c730       10     1                 rust_minix::arch::multicore::CORE_WORKLOAD
           8c730            8c730        0     1                 $d
           8c740            8c740        4     4         C:\Desenvolvimento\rust_minix\target\aarch64-unknown-none\release\deps\rust_minix-929e3d914c9cbd4c.rust_minix.ec9d816fc1ca2df8-cgu.0.rcgu.o:(.bss._RNvNtNtCskjuQdWXfBxI_10rust_minix4arch9multicore12CORE_COMMAND.0)
           8c740            8c740        4     1                 rust_minix::arch::multicore::CORE_COMMAND (.0)
           8c740            8c740        0     1                 $d
           8c744            8c744        1     4         C:\Desenvolvimento\rust_minix\target\aarch64-unknown-none\release\deps\rust_minix-929e3d914c9cbd4c.rust_minix.ec9d816fc1ca2df8-cgu.0.rcgu.o:(.bss._RNvNtNtCskjuQdWXfBxI_10rust_minix4arch9multicore13CORE_SHUTDOWN.0)
           8c744            8c744        1     1                 rust_minix::arch::multicore::CORE_SHUTDOWN (.0)
           8c744            8c744        0     1                 $d
           8c748            8c748        1     4         C:\Desenvolvimento\rust_minix\target\aarch64-unknown-none\release\deps\rust_minix-929e3d914c9cbd4c.rust_minix.ec9d816fc1ca2df8-cgu.0.rcgu.o:(.bss._RNvNtNtCskjuQdWXfBxI_10rust_minix7drivers4uart4UART)
           8c748            8c748        1     1                 rust_minix::drivers::uart::UART
           8c748            8c748        0     1                 $d
           8c750            8c750        8     8         C:\Desenvolvimento\rust_minix\target\aarch64-unknown-none\release\deps\rust_minix-929e3d914c9cbd4c.rust_minix.ec9d816fc1ca2df8-cgu.0.rcgu.o:(.bss._RNvNtNtCskjuQdWXfBxI_10rust_minix7drivers3gic13TIMER_HANDLER.0)
           8c750            8c750        8     1                 rust_minix::drivers::gic::TIMER_HANDLER (.0)
           8c750            8c750        0     1                 $d
           8c758            8c758        1     4         C:\Desenvolvimento\rust_minix\target\aarch64-unknown-none\release\deps\rust_minix-929e3d914c9cbd4c.rust_minix.ec9d816fc1ca2df8-cgu.0.rcgu.o:(.bss._RNvNtNtCskjuQdWXfBxI_10rust_minix7drivers3gic3GIC.0)
           8c758            8c758        1     1                 rust_minix::drivers::gic::GIC (.0)
           8c758            8c758        0     1                 $d
           8c760            8c760        8     8         C:\Desenvolvimento\rust_minix\target\aarch64-unknown-none\release\deps\rust_minix-929e3d914c9cbd4c.rust_minix.ec9d816fc1ca2df8-cgu.0.rcgu.o:(.bss._RNvNtNtCskjuQdWXfBxI_10rust_minix7drivers5timer10TICK_COUNT)
           8c760            8c760        8     1                 rust_minix::drivers::timer::TICK_COUNT
           8c760            8c760        0     1                 $d
           8c768            8c768        8     8         C:\Desenvolvimento\rust_minix\target\aarch64-unknown-none\release\deps\rust_minix-929e3d914c9cbd4c.rust_minix.ec9d816fc1ca2df8-cgu.0.rcgu.o:(.bss._RNvNtNtCskjuQdWXfBxI_10rust_minix7drivers7display7DISPLAY)
           8c768            8c768        8     1                 rust_minix::drivers::display::DISPLAY
           8c768            8c768        0     1                 $d
           8c770            8c770       20     8         C:\Desenvolvimento\rust_minix\target\aarch64-unknown-none\release\deps\rust_minix-929e3d914c9cbd4c.rust_minix.ec9d816fc1ca2df8-cgu.0.rcgu.o:(.bss._RNvNtNtCskjuQdWXfBxI_10rust_minix6memory9allocator9ALLOCATOR)
           8c770            8c770       20     1                 rust_minix::memory::allocator::ALLOCATOR
           8c770            8c770        0     1                 $d
           8c790            8c790        0     1         . = ALIGN(8)
           8c790            8c790        0     1         __bss_end = .
           8c790            8c790      870     1 . = ALIGN(4096)
           8d000            8d000        0     1 __stack_start = .
           8d000            8d000    10000     1 . += 0x10000
           9d000            9d000        0     1 __stack_end = .
           9d000            9d000        0     1 . = ALIGN(4096)
           9d000            9d000        0     1 __secondary_stacks_start = .
           9d000            9d000    30000     1 . += 0x30000
           cd000            cd000        0     1 __secondary_stacks_end = .
           cd000            cd000        0     1 . = ALIGN(4096)
           cd000            cd000        0     1 __heap_start = .
           cd000            cd000        0     1 __kernel_end = .
           cd000            cd000        0     1 __kernel_size = __kernel_end - ORIGIN(RAM)
               0                0       24     1 .shstrtab
               0                0       24     1         <internal>:(.shstrtab)
